// Jest Snapshot v1, https://goo.gl/fbAQLP

exports[`Main Routes Should render 1`] = `
<div
  className="flex flex-col min-h-screen"
>
  <div
    className="w-screen h-[8vh] z-10 bg-white dark:bg-dark-bg fixed undefined"
  >
    <div
      className="px-3 flex justify-between items-center w-full h-full"
    >
      <div
        className="flex items-center h-full justify-between lg:w-full"
      >
        <a
          className="flex flex-row lg:px-5 text-primary dark:text-dark-text-fill"
          href="/"
          onClick={[Function]}
        >
          <svg
            className="w-full cursor-pointer mr-2"
            fill="none"
            height="36"
            viewBox="0 0 59 36"
            width="59"
            xmlns="http://www.w3.org/2000/svg"
          >
            <circle
              cx="9.5"
              cy="18.5"
              r="5"
              stroke="currentColor"
              strokeWidth="2"
            />
            <path
              d="M13.5 18.6112H18.2324C18.6625 18.6112 19.0444 18.3362 19.1808 17.9283L20.7981 13.0919C21.1151 12.1442 22.4728 12.1962 22.7164 13.1654L27.0802 30.5328C27.3478 31.5979 28.8876 31.5157 29.0403 30.4282L32.3788 6.64882C32.5367 5.52407 34.1498 5.49149 34.353 6.60894L38.013 26.7361C38.191 27.7149 39.5338 27.8616 39.9189 26.9442L43.1601 19.2241C43.316 18.8528 43.6794 18.6112 44.0821 18.6112H48.5"
              stroke="currentColor"
              strokeWidth="5"
            />
            <circle
              cx="52.5"
              cy="18.5"
              r="5"
              stroke="currentColor"
              strokeWidth="2"
            />
          </svg>
          <h1
            className="text-3xl font-bold font-lexend"
          >
            PULSE
          </h1>
        </a>
        <ul
          className="hidden cursor-pointer lg:flex"
        >
          <li
            className="px-5 text-xl dark:text-dark-text-fill"
          >
            <a
              aria-current="page"
              className="text-primary"
              href="/"
              onClick={[Function]}
            >
              Home
            </a>
          </li>
          <li
            className="px-5 text-xl dark:text-dark-text-fill"
          >
            <a
              className=""
              href="/pricing"
              onClick={[Function]}
            >
              Pricing
            </a>
          </li>
          <li
            className="px-5 text-xl dark:text-dark-text-fill"
          >
            <a
              className=""
              href="/product"
              onClick={[Function]}
            >
              Product
            </a>
          </li>
        </ul>
      </div>
      <div
        className="hidden lg:flex lg:w-full justify-end "
      >
        <button
          className="min-w-fit px-4 cursor-pointer "
          id="theme-switch"
          onClick={[Function]}
          type="button"
        >
          <svg
            aria-hidden="true"
            className="w-8 "
            fill="currentColor"
            viewBox="0 0 20 20"
            xmlns="http://www.w3.org/2000/svg"
          >
            <path
              clipRule="evenodd"
              d="M10 2a1 1 0 011 1v1a1 1 0 11-2 0V3a1 1 0 011-1zm4 8a4 4 0 11-8 0 4 4 0 018 0zm-.464 4.95l.707.707a1 1 0 001.414-1.414l-.707-.707a1 1 0 00-1.414 1.414zm2.12-10.607a1 1 0 010 1.414l-.706.707a1 1 0 11-1.414-1.414l.707-.707a1 1 0 011.414 0zM17 11a1 1 0 100-2h-1a1 1 0 100 2h1zm-7 4a1 1 0 011 1v1a1 1 0 11-2 0v-1a1 1 0 011-1zM5.05 6.464A1 1 0 106.465 5.05l-.708-.707a1 1 0 00-1.414 1.414l.707.707zm1.414 8.486l-.707.707a1 1 0 01-1.414-1.414l.707-.707a1 1 0 011.414 1.414zM4 11a1 1 0 100-2H3a1 1 0 000 2h1z"
              fillRule="evenodd"
            />
          </svg>
        </button>
        <a
          href="/login/org"
          onClick={[Function]}
        >
          <button
            className="btn primary lg undefined"
            disabled={false}
            type="button"
          >
             
            Sign In
             
          </button>
        </a>
        <a
          href="/signup/org"
          onClick={[Function]}
        >
          <button
            className="btn transparentbtn lg mr-8"
            disabled={false}
            type="button"
          >
             
            Register an organization
             
          </button>
        </a>
      </div>
      <div
        className="flex px-5 lg:hidden"
      >
        <button
          className="min-w-fit px-4 cursor-pointer "
          id="theme-switch"
          onClick={[Function]}
          type="button"
        >
          <svg
            aria-hidden="true"
            className="w-8 "
            fill="currentColor"
            viewBox="0 0 20 20"
            xmlns="http://www.w3.org/2000/svg"
          >
            <path
              clipRule="evenodd"
              d="M10 2a1 1 0 011 1v1a1 1 0 11-2 0V3a1 1 0 011-1zm4 8a4 4 0 11-8 0 4 4 0 018 0zm-.464 4.95l.707.707a1 1 0 001.414-1.414l-.707-.707a1 1 0 00-1.414 1.414zm2.12-10.607a1 1 0 010 1.414l-.706.707a1 1 0 11-1.414-1.414l.707-.707a1 1 0 011.414 0zM17 11a1 1 0 100-2h-1a1 1 0 100 2h1zm-7 4a1 1 0 011 1v1a1 1 0 11-2 0v-1a1 1 0 011-1zM5.05 6.464A1 1 0 106.465 5.05l-.708-.707a1 1 0 00-1.414 1.414l.707.707zm1.414 8.486l-.707.707a1 1 0 01-1.414-1.414l.707-.707a1 1 0 011.414 1.414zM4 11a1 1 0 100-2H3a1 1 0 000 2h1z"
              fillRule="evenodd"
            />
          </svg>
        </button>
        <button
          onClick={[Function]}
          type="button"
        >
          <svg
            aria-hidden="true"
            className="w-7 dark:text-dark-text-fill"
            fill="none"
            stroke="currentColor"
            strokeWidth={2}
            viewBox="0 0 24 24"
            xmlns="http://www.w3.org/2000/svg"
          >
            <path
              d="M4 6h16M4 12h16M4 18h16"
              strokeLinecap="round"
              strokeLinejoin="round"
            />
          </svg>
        </button>
      </div>
    </div>
    <ul
      className="hidden"
    >
      <li
        className="w-full p-2 mt-2 dark:text-dark-text-fill text-primary"
      >
        <a
          href="/"
          onClick={[Function]}
        >
          Home
        </a>
      </li>
      <li
        className="w-full p-2 dark:text-dark-text-fill"
      >
        <a
          href="/pricing"
          onClick={[Function]}
        >
          Pricing
        </a>
      </li>
      <li
        className="w-full p-2 dark:text-dark-text-fill"
      >
        <a
          className="w-full"
          href="/product"
          onClick={[Function]}
        >
          Product
        </a>
      </li>
      <li
        className="p-2 w-full dark:text-dark-text-fill mt-6 mb-2 bg-primary text-white rounded-md px-[35%]"
      >
        <a
          className="w-full"
          href="/login/org"
          onClick={[Function]}
        >
           
          Sign In
        </a>
      </li>
      <a
        href="/signup/org"
        onClick={[Function]}
      >
        <button
          className="btn transparentbtn lg mr-8"
          disabled={false}
          type="button"
        >
           
          Register an organization
           
        </button>
      </a>
    </ul>
  </div>
  <div
    className=""
  >
    <div
      className="w-screen h-[8vh] z-10 dark:bg-dark-bg fixed bg-opacity-100 dark:bg-opacity-100
      false"
    >
      <div
        className="px-3 flex justify-between items-center w-full h-full"
      >
        <div
          className="flex items-center h-full justify-between lg:w-full"
        >
          <a
            className="flex flex-row lg:px-5 text-white dark:text-dark-text-fill"
            href="/"
            onClick={[Function]}
          >
            <svg
              className="w-full cursor-pointer mr-2"
              fill="none"
              height="36"
              viewBox="0 0 59 36"
              width="59"
              xmlns="http://www.w3.org/2000/svg"
            >
              <circle
                cx="9.5"
                cy="18.5"
                r="5"
                stroke="currentColor"
                strokeWidth="2"
              />
              <path
                d="M13.5 18.6112H18.2324C18.6625 18.6112 19.0444 18.3362 19.1808 17.9283L20.7981 13.0919C21.1151 12.1442 22.4728 12.1962 22.7164 13.1654L27.0802 30.5328C27.3478 31.5979 28.8876 31.5157 29.0403 30.4282L32.3788 6.64882C32.5367 5.52407 34.1498 5.49149 34.353 6.60894L38.013 26.7361C38.191 27.7149 39.5338 27.8616 39.9189 26.9442L43.1601 19.2241C43.316 18.8528 43.6794 18.6112 44.0821 18.6112H48.5"
                stroke="currentColor"
                strokeWidth="5"
              />
              <circle
                cx="52.5"
                cy="18.5"
                r="5"
                stroke="currentColor"
                strokeWidth="2"
              />
            </svg>
            <h1
              className="text-3xl font-bold font-lexend"
            >
              PULSE
            </h1>
          </a>
          <ul
            className="hidden lg:flex cursor-pointer"
          >
            <li
              className="px-5 text-xl dark:text-dark-text-fill"
            >
              <a
                aria-current="page"
                className="text-primary"
                href="/"
                onClick={[Function]}
              >
                Home
              </a>
            </li>
            <li
              className="px-5 text-xl text-white dark:text-dark-text-fill"
            >
              <a
                className=""
                href="/about"
                onClick={[Function]}
              >
                About
              </a>
            </li>
          </ul>
        </div>
        <div
          className="hidden lg:flex lg:w-full justify-end "
        >
          <button
            className="min-w-fit px-4 cursor-pointer "
            id="theme-switch"
            onClick={[Function]}
            type="button"
          >
            <svg
              aria-hidden="true"
              className="w-8 text-white dark:text-inherit"
              fill="currentColor"
              viewBox="0 0 20 20"
              xmlns="http://www.w3.org/2000/svg"
            >
              <path
                clipRule="evenodd"
                d="M10 2a1 1 0 011 1v1a1 1 0 11-2 0V3a1 1 0 011-1zm4 8a4 4 0 11-8 0 4 4 0 018 0zm-.464 4.95l.707.707a1 1 0 001.414-1.414l-.707-.707a1 1 0 00-1.414 1.414zm2.12-10.607a1 1 0 010 1.414l-.706.707a1 1 0 11-1.414-1.414l.707-.707a1 1 0 011.414 0zM17 11a1 1 0 100-2h-1a1 1 0 100 2h1zm-7 4a1 1 0 011 1v1a1 1 0 11-2 0v-1a1 1 0 011-1zM5.05 6.464A1 1 0 106.465 5.05l-.708-.707a1 1 0 00-1.414 1.414l.707.707zm1.414 8.486l-.707.707a1 1 0 01-1.414-1.414l.707-.707a1 1 0 011.414 1.414zM4 11a1 1 0 100-2H3a1 1 0 000 2h1z"
                fillRule="evenodd"
              />
            </svg>
          </button>
          <a
            href="/login/org"
            onClick={[Function]}
          >
            <button
              className="btn primary lg undefined"
              disabled={false}
              type="button"
            >
               
              Sign In
               
            </button>
          </a>
          <a
            href="/signup/org"
            onClick={[Function]}
          >
            <button
              className="btn bg-transparent text-primary text-white border border-primary dark:border-dark-text-fill lg mr-8"
              disabled={false}
              type="button"
            >
               
              Register an organization
               
            </button>
          </a>
        </div>
        <div
          className="flex px-5 lg:hidden items-center"
        >
          <button
            className="min-w-fit px-4 cursor-pointer "
            id="theme-switch"
            onClick={[Function]}
            type="button"
          >
            <svg
              aria-hidden="true"
              className="w-8 w-6 text-white dark:text-inherit"
              fill="currentColor"
              viewBox="0 0 20 20"
              xmlns="http://www.w3.org/2000/svg"
            >
              <path
                clipRule="evenodd"
                d="M10 2a1 1 0 011 1v1a1 1 0 11-2 0V3a1 1 0 011-1zm4 8a4 4 0 11-8 0 4 4 0 018 0zm-.464 4.95l.707.707a1 1 0 001.414-1.414l-.707-.707a1 1 0 00-1.414 1.414zm2.12-10.607a1 1 0 010 1.414l-.706.707a1 1 0 11-1.414-1.414l.707-.707a1 1 0 011.414 0zM17 11a1 1 0 100-2h-1a1 1 0 100 2h1zm-7 4a1 1 0 011 1v1a1 1 0 11-2 0v-1a1 1 0 011-1zM5.05 6.464A1 1 0 106.465 5.05l-.708-.707a1 1 0 00-1.414 1.414l.707.707zm1.414 8.486l-.707.707a1 1 0 01-1.414-1.414l.707-.707a1 1 0 011.414 1.414zM4 11a1 1 0 100-2H3a1 1 0 000 2h1z"
                fillRule="evenodd"
              />
            </svg>
          </button>
          <button
            onClick={[Function]}
            type="button"
          >
            <svg
              aria-hidden="true"
              className="w-7 dark:text-dark-text-fill"
              fill="none"
              stroke="currentColor"
              strokeWidth={2}
              viewBox="0 0 24 24"
              xmlns="http://www.w3.org/2000/svg"
            >
              <path
                d="M4 6h16M4 12h16M4 18h16"
                strokeLinecap="round"
                strokeLinejoin="round"
              />
            </svg>
          </button>
        </div>
      </div>
      <ul
        className="hidden"
      >
        <li
          className="p-2 w-full mt-2 dark:text-dark-text-fill text-primary"
        >
          <a
            href="/"
            onClick={[Function]}
          >
            Home
          </a>
        </li>
        <li
          className="p-2 w-full dark:text-dark-text-fill"
        >
          <a
            href="/About"
            onClick={[Function]}
          >
            About
          </a>
        </li>
        <li
          className="p-2 w-56 text-center dark:text-dark-text-fill mt-6 mb-2 bg-primary text-white rounded-md"
        >
          <a
            className="w-full"
            href="/login/org"
            onClick={[Function]}
          >
             
            Sign In
          </a>
        </li>
        <a
          href="/signup/org"
          onClick={[Function]}
        >
          <button
            className="btn transparentbtn  ml-0 lg mr-8"
            disabled={false}
            type="button"
          >
             
            Register an organization
             
          </button>
        </a>
      </ul>
    </div>
    <div
      className="relative hero"
    >
      <p
        className="absolute px-4 py-2 text-img bottom-1/3 lg:left-44 lg:right-0 lg:text-5xl sm:text-2xl md:left-0 md:right-0"
      >
        The brilliant performance management 
        <br />
         platform around the word.
      </p>
      <div
        className="absolute items-center justify-start w-full text-2xl text-white md:text-2xl lg:text-1xl md:mt-8 lg:mt-8 top-2/3 lg:right-96"
      >
        <div
          className="absolute items-center justify-center w-full text-center font"
        >
          <a
            href="/signup/org"
            onClick={[Function]}
          >
            <button
              className="btn primary lg lg:mt-0 px-8 rounded-2xl my-4"
              disabled={false}
              type="button"
            >
               
              Join Us
               
            </button>
          </a>
        </div>
      </div>
    </div>
    <div
      className=" bg-white   mt-auto dark:bg-dark-frame-bg"
    >
      <div
        className=" justify-between w-full h-full pb-5"
      >
        <div>
          <h1
            className="text-center text-neutral-700 mb-5 font lg:text-4xl md:text-2xl pt-10 pb-4 italic  dark:text-slate-100"
          >
            What you can do with us
          </h1>
        </div>
        <div
          className="card-image lg:mx-10 sm:mx-5 md:flex flex"
        >
          <div
            className=" bg-[#CCD2E8] md:bg-indigo-100   items-center  md:items-start flex-col dark:bg-dark-bg xl:w-1/3 sm:w-full  py-4 lg:rounded-b-3xl lg:rounded-t-3xl sm:rounded-b-3xl px-3 md:mr-10"
          >
            <h2
              className=" header-style lg:px-5 lg:text-2xl sm:text-xl lg:text-start sm:text-center md:text-start dark:text-slate-200"
            >
              Performance Management/Analytics
            </h2>
            <div>
              <div
                className="xl:hidden md:hidden mb-0 mt-4"
              >
                <img
                  alt="frame"
                  src={Object {}}
                />
              </div>
              <p
                className="text-style mt-0 lg:px-5 bg-[#E0E7FF] dark:bg-dark-bg rounded-b-3xl md:rounded-none p-8 md:px-0 md:py-4 dark:text-slate-300"
              >
                Optimize your organization's potential with Performance Management/Analytics. Our cutting-edge solution uses data-driven insights to track and improve performance across your business. Set and monitor KPIs, identify areas for growth, and make informed decisions with our intuitive platform. Achieve remarkable results today!
              </p>
            </div>
          </div>
          <div
            className="sm:hidden md:flex xl:flex lg:flex"
          >
            <img
              alt="frame"
              className="rounded-2xl dark:opacity-80"
              src={Object {}}
            />
          </div>
        </div>
        <div
          className="flex card-image lg:mx-10 sm:mx-5 md:flex mt-10"
        >
          <div
            className="sm:hidden md:flex xl:flex lg:flex"
          >
            <img
              alt="second"
              className="rounded-2xl dark:opacity-80 "
              src={Object {}}
            />
          </div>
          <div
            className=" bg-[#CCD2E8] md:bg-indigo-100  items-center  md:items-start flex-col dark:bg-dark-bg xl:w-1/3 sm:w-full  py-4 lg:rounded-b-3xl lg:rounded-t-3xl sm:rounded-b-3xl px-3 md:ml-10"
          >
            <div>
              <h2
                className=" header-style lg:text-2xl lg:px-5 sm:text-xl lg:text-start sm:text-center dark:text-slate-200"
              >
                Talent Analytics and 
                <br />
                 Reporting
              </h2>
              <div
                className="xl:hidden md:hidden"
              >
                <img
                  alt="second"
                  src={Object {}}
                />
              </div>
              <p
                className="text-style mt-0 lg:px-5 bg-[#E0E7FF]  dark:bg-dark-bg rounded-b-3xl md:rounded-none p-8 md:px-0 md:py-4 dark:text-slate-300"
              >
                Show up your workforce's potential with Talent Analytics and Reporting. Gain deep insights into your talent pool through data analysis. Identify top performers, discover hidden talent, and optimize your workforce with cutting-edge analytics tools. Utilize customizable reports and intuitive dashboards for a holistic view of your talent landscape. Make data-driven decisions to drive strategic talent management initiatives and achieve sustainable growth and success.
              </p>
            </div>
          </div>
        </div>
        <div
          className="card-image lg:mx-10 sm:mx-5 sm:mt-10 md:flex flex"
        >
          <div
            className=" bg-[#CCD2E8] md:bg-indigo-100  items-center  md:items-start flex-col dark:bg-dark-bg xl:w-1/3 sm:w-full  py-4 lg:rounded-b-3xl lg:rounded-t-3xl sm:rounded-b-3xl px-3 md:mr-10"
          >
            <h2
              className=" header-style lg:text-2xl lg:px-5 sm:text-xl lg:text-start sm:text-center dark:text-slate-200"
            >
              Continuous & Tight Feedback Loop
            </h2>
            <div>
              <div
                className="xl:hidden md:hidden mb-0 mt-4"
              >
                <img
                  alt="thirdimage"
                  className="rounded-2xl dark:opacity-80"
                  src={Object {}}
                />
              </div>
              <p
                className="text-style mt-0 lg:px-5 bg-[#E0E7FF]  dark:bg-dark-bg rounded-b-3xl md:rounded-none p-8 md:px-0 md:py-4  dark:text-slate-300"
              >
                Unlock the potential of a Continuous & Tight Feedback Loop. Our innovative solution enables real-time feedback exchange between employees, fostering a culture of continuous improvement. Seamlessly capture feedback and address development areas promptly, driving success and productivity. Embrace the power of a Continuous & Tight Feedback Loop for enhanced performance.
              </p>
            </div>
          </div>
          <div
            className="sm:hidden md:flex xl:flex lg:flex"
          >
            <img
              alt="thirdimage"
              className="rounded-2xl dark:opacity-80"
              src={Object {}}
            />
          </div>
        </div>
        <div
          className="flex card-image lg:mx-10 sm:mx-5 md:flex sm:mt-10 mb-20"
        >
          <div
            className="sm:hidden md:flex xl:flex lg:flex"
          >
            <img
              alt="fourthimage"
              className="rounded-2xl dark:opacity-80"
              src={Object {}}
            />
          </div>
          <div
            className=" bg-[#CCD2E8] md:bg-indigo-100  items-center  md:items-start flex-col dark:bg-dark-bg xl:w-1/3 sm:w-full  py-4 lg:rounded-b-3xl lg:rounded-t-3xl sm:rounded-b-3xl px-3 md:ml-10"
          >
            <h2
              className=" header-style lg:text-2xl lg:px-5 sm:text-xl lg:text-start sm:text-center dark:text-slate-200"
            >
              Goal Tracking and Progress Monitoring
            </h2>
            <div
              className="xl:hidden md:hidden mb-0 mt-4"
            >
              <img
                alt="fourthimage"
                className="rounded-2xl dark:opacity-80"
                src={Object {}}
              />
            </div>
            <p
              className="text-style mt-0 lg:px-5 bg-[#E0E7FF]  dark:bg-dark-bg rounded-b-3xl md:rounded-none p-8 md:px-0 md:py-4 dark:text-slate-300"
            >
              Achieve your goals with Goal Tracking and Progress Monitoring. Our solution empowers individuals and teams to set clear objectives, monitor progress, and stay accountable. Effortlessly define SMART goals, track milestones, and visualize progress in real-time on our user-friendly platform. Gain valuable insights, identify obstacles, and make data-driven adjustments for success. Whether you're an individual professional or a team leader, our tool will keep you focused, motivated, and on the path to accomplishing your goals.
            </p>
          </div>
        </div>
        <div
          className="px-5"
        >
          <h1
            className="text-center font text-neutral-700 lg:text-4xl sm:text-2xl  italic dark:text-slate-100"
          >
            Excellent human resources and companies
          </h1>
          <h1
            className="font text-center text-neutral-700 lg:text-4xl sm:text-2xl dark:text-slate-100"
          >
             
            Come shape the future together
             
          </h1>
        </div>
        <div
          className="block md:hidden flex-col lg:mx-10 md:mx-20 my-20 gap-10 relative "
        >
          <div
            className="bg-indigo-100 dark:bg-dark-bg  dark:text-slate-300 lg:w-1/3 p-8 md:w-full rounded-b-3xl sm:mx-3 rounded-t-3xl visible"
          >
            <div
              className="flex flex-col sm:flex-row  mb-4 items-center"
            >
              <img
                alt=""
                className="md:w-1/4 sm:w-1/3"
                src={Object {}}
              />
              <ul>
                <li
                  className="text-xs mt-4 ml-3  dark:text-slate-300 text-neutral-600"
                >
                  Bernard Dushimimana
                </li>
                <li
                  className="text-xs mt-2  dark:text-slate-300 ml-3"
                >
                  Sr.Manager
                </li>
              </ul>
            </div>
            <p
              className="card-text  dark:text-slate-300 text-neutral-900"
            >
              I'm extremely impressed with Pulse and their performance management platform.
        Since using their services, it has been a game-changer for our organization.
        The platform is intuitive, easy to navigate, and packed with powerful features.
        Tracking performance metrics and setting goals has never been easier. Real-time
        data and analytics provided by Pulse offer valuable insights into our team's
        performance, enabling data-driven decisions. The customer support team has been
        highly responsive and knowledgeable, addressing our queries promptly. Pulse has
        transformed our performance management process, optimizing our operations and
        driving meaningful results. I highly recommend Pulse to any business seeking to
        elevate their performance management to the next level.
            </p>
          </div>
          <div
            className="bg-indigo-100 dark:bg-dark-bg  dark:text-slate-300 lg:w-1/3 p-8 md:w-full rounded-b-3xl sm:mx-3 rounded-t-3xl hidden"
          >
            <div
              className="flex flex-col sm:flex-row  mb-4 items-center"
            >
              <img
                alt=""
                className="md:w-1/4 sm:w-1/3"
                src={Object {}}
              />
              <ul>
                <li
                  className="text-xs mt-4 ml-3  dark:text-slate-300 text-neutral-600"
                >
                  Susan
                </li>
                <li
                  className="text-xs mt-2  dark:text-slate-300 ml-3"
                >
                  Sr.Manager
                </li>
              </ul>
            </div>
            <p
              className="card-text  dark:text-slate-300 text-neutral-900"
            >
              I'm delighted to share my positive experience with Pulse and their exceptional
        performance management platform. Implementing their services has led to remarkable
        improvements in our performance tracking and management processes. The user-friendly
        interface and comprehensive features have simplified our goal setting and progress
        monitoring activities. Pulse's in-depth analytics have provided valuable insights
        into our team's performance trends, enabling informed decisions and continuous growth.
        Thanks to Pulse, we have achieved greater transparency, accountability, and productivity
        within our organization. I highly recommend Pulse to any company seeking a robust and
        reliable performance management solution.
            </p>
          </div>
          <div
            className="bg-indigo-100 dark:bg-dark-bg  dark:text-slate-300 lg:w-1/3 p-8 md:w-full rounded-b-3xl sm:mx-3 rounded-t-3xl hidden"
          >
            <div
              className="flex flex-col sm:flex-row  mb-4 items-center"
            >
              <img
                alt=""
                className="md:w-1/4 sm:w-1/3"
                src={Object {}}
              />
              <ul>
                <li
                  className="text-xs mt-4 ml-3  dark:text-slate-300 text-neutral-600"
                >
                  University of Rwanda
                </li>
                <li
                  className="text-xs mt-2  dark:text-slate-300 ml-3"
                >
                  organisation
                </li>
              </ul>
            </div>
            <p
              className="card-text  dark:text-slate-300 text-neutral-900"
            >
              
        We are thrilled with the services provided by Pulse. Their performance management platform
        has exceeded our expectations in every way. The user-friendly interface and comprehensive
        features have made tracking and monitoring our performance metrics a breeze. Pulse's
        data-driven insights have revolutionized our approach to performance management,
        enabling informed decisions and continuous improvement. The support team at Pulse has
        been exceptional, offering prompt and knowledgeable assistance whenever needed.
        I wholeheartedly endorse Pulse to any organization seeking to optimize their performance
        management process and achieve outstanding results.
        
            </p>
          </div>
          <span
            className="absolute top-1/2 left-3 transform -translate-y-1/2  text-neutral-600 rounded-full bg-slate-50 p-1 drop-shadow-2xl opacity-50 "
          >
            <svg
              className="cursor-pointer"
              fill="currentColor"
              height={20}
              onClick={[Function]}
              stroke="currentColor"
              strokeWidth="0"
              style={
                Object {
                  "color": undefined,
                }
              }
              viewBox="0 0 1024 1024"
              width={20}
              xmlns="http://www.w3.org/2000/svg"
            >
              <path
                d="M724 218.3V141c0-6.7-7.7-10.4-12.9-6.3L260.3 486.8a31.86 31.86 0 0 0 0 50.3l450.8 352.1c5.3 4.1 12.9.4 12.9-6.3v-77.3c0-4.9-2.3-9.6-6.1-12.6l-360-281 360-281.1c3.8-3 6.1-7.7 6.1-12.6z"
              />
            </svg>
          </span>
          <span
            className="absolute top-1/2 right-3 transform -translate-y-1/2 text-neutral-600 rounded-full bg-slate-50 p-1 drop-shadow-2xl opacity-50 "
          >
            <svg
              className="cursor-pointer"
              fill="currentColor"
              height={20}
              onClick={[Function]}
              stroke="currentColor"
              strokeWidth="0"
              style={
                Object {
                  "color": undefined,
                }
              }
              viewBox="0 0 1024 1024"
              width={20}
              xmlns="http://www.w3.org/2000/svg"
            >
              <path
                d="M765.7 486.8L314.9 134.7A7.97 7.97 0 0 0 302 141v77.3c0 4.9 2.3 9.6 6.1 12.6l360 281.1-360 281.1c-3.9 3-6.1 7.7-6.1 12.6V883c0 6.7 7.7 10.4 12.9 6.3l450.8-352.1a31.96 31.96 0 0 0 0-50.4z"
              />
            </svg>
          </span>
        </div>
        <div
          className="hidden md:flex md:flex-row flex-col  lg:mx-10 md:mx-20 my-20 gap-10 "
        >
          <div
            className="bg-indigo-100  dark:bg-dark-bg lg:w-1/3 p-8 md:w-full  rounded-b-3xl sm:mx-3 rounded-t-3xl"
          >
            <div
              className="flex flex-col sm:flex-row  mb-4 items-center"
            >
              <img
                alt=""
                className="md:w-1/4 sm:w-1/3"
                src={Object {}}
              />
              <ul>
                <li
                  className="text-xs mt-4 ml-3  dark:text-slate-300  text-neutral-600"
                >
                  Bernard Dushimimana
                </li>
                <li
                  className="text-xs  dark:text-slate-300  mt-2 ml-3"
                >
                  Sr.Manager
                </li>
              </ul>
            </div>
            <p
              className="card-text  dark:text-slate-300  text-neutral-900"
            >
              I'm extremely impressed with Pulse and their performance management platform.
        Since using their services, it has been a game-changer for our organization.
        The platform is intuitive, easy to navigate, and packed with powerful features.
        Tracking performance metrics and setting goals has never been easier. Real-time
        data and analytics provided by Pulse offer valuable insights into our team's
        performance, enabling data-driven decisions. The customer support team has been
        highly responsive and knowledgeable, addressing our queries promptly. Pulse has
        transformed our performance management process, optimizing our operations and
        driving meaningful results. I highly recommend Pulse to any business seeking to
        elevate their performance management to the next level.
            </p>
          </div>
          <div
            className="bg-indigo-100  dark:bg-dark-bg lg:w-1/3 p-8 md:w-full  rounded-b-3xl sm:mx-3 rounded-t-3xl"
          >
            <div
              className="flex flex-col sm:flex-row  mb-4 items-center"
            >
              <img
                alt=""
                className="md:w-1/4 sm:w-1/3"
                src={Object {}}
              />
              <ul>
                <li
                  className="text-xs mt-4 ml-3  dark:text-slate-300  text-neutral-600"
                >
                  Susan
                </li>
                <li
                  className="text-xs  dark:text-slate-300  mt-2 ml-3"
                >
                  Sr.Manager
                </li>
              </ul>
            </div>
            <p
              className="card-text  dark:text-slate-300  text-neutral-900"
            >
              I'm delighted to share my positive experience with Pulse and their exceptional
        performance management platform. Implementing their services has led to remarkable
        improvements in our performance tracking and management processes. The user-friendly
        interface and comprehensive features have simplified our goal setting and progress
        monitoring activities. Pulse's in-depth analytics have provided valuable insights
        into our team's performance trends, enabling informed decisions and continuous growth.
        Thanks to Pulse, we have achieved greater transparency, accountability, and productivity
        within our organization. I highly recommend Pulse to any company seeking a robust and
        reliable performance management solution.
            </p>
          </div>
          <div
            className="bg-indigo-100  dark:bg-dark-bg lg:w-1/3 p-8 md:w-full  rounded-b-3xl sm:mx-3 rounded-t-3xl"
          >
            <div
              className="flex flex-col sm:flex-row  mb-4 items-center"
            >
              <img
                alt=""
                className="md:w-1/4 sm:w-1/3"
                src={Object {}}
              />
              <ul>
                <li
                  className="text-xs mt-4 ml-3  dark:text-slate-300  text-neutral-600"
                >
                  University of Rwanda
                </li>
                <li
                  className="text-xs  dark:text-slate-300  mt-2 ml-3"
                >
                  organisation
                </li>
              </ul>
            </div>
            <p
              className="card-text  dark:text-slate-300  text-neutral-900"
            >
              
        We are thrilled with the services provided by Pulse. Their performance management platform
        has exceeded our expectations in every way. The user-friendly interface and comprehensive
        features have made tracking and monitoring our performance metrics a breeze. Pulse's
        data-driven insights have revolutionized our approach to performance management,
        enabling informed decisions and continuous improvement. The support team at Pulse has
        been exceptional, offering prompt and knowledgeable assistance whenever needed.
        I wholeheartedly endorse Pulse to any organization seeking to optimize their performance
        management process and achieve outstanding results.
        
            </p>
          </div>
        </div>
      </div>
    </div>
    <div
      className="w-full bg-indigo-100 dark:bg-dark-bg dark:bg-opacity-75 bg-opacity-100 "
    >
      <div
        className="px-2 flex flex-col lg:flex-row justify-between items-center w-full h-full"
      >
        <div
          className="flex flex-col lg:flex-row items-center py-5"
        >
          <div
            className="flex flex-col mr-12 lg:mr-0"
          >
            <div
              className="flex mb-2 ml-10 text-dark dark:text-dark-text-fill"
            >
              <svg
                className="w-full cursor-pointer mr-2"
                fill="none"
                height="36"
                viewBox="0 0 59 36"
                width="59"
                xmlns="http://www.w3.org/2000/svg"
              >
                <circle
                  cx="9.5"
                  cy="18.5"
                  r="5"
                  stroke="currentColor"
                  strokeWidth="2"
                />
                <path
                  d="M13.5 18.6112H18.2324C18.6625 18.6112 19.0444 18.3362 19.1808 17.9283L20.7981 13.0919C21.1151 12.1442 22.4728 12.1962 22.7164 13.1654L27.0802 30.5328C27.3478 31.5979 28.8876 31.5157 29.0403 30.4282L32.3788 6.64882C32.5367 5.52407 34.1498 5.49149 34.353 6.60894L38.013 26.7361C38.191 27.7149 39.5338 27.8616 39.9189 26.9442L43.1601 19.2241C43.316 18.8528 43.6794 18.6112 44.0821 18.6112H48.5"
                  stroke="currentColor"
                  strokeWidth="5"
                />
                <circle
                  cx="52.5"
                  cy="18.5"
                  r="5"
                  stroke="currentColor"
                  strokeWidth="2"
                />
              </svg>
              <h1
                className="text-3xl font-bold"
                data-testid="pulse"
              >
                PULSE
              </h1>
            </div>
            <div
              className="flex border-none justify-around items-center ml-16 mt-4 cursor-pointer"
            >
              <svg
                className=" fa-xs "
                fill="currentColor"
                height="1em"
                stroke="currentColor"
                strokeWidth="0"
                style={
                  Object {
                    "color": undefined,
                  }
                }
                viewBox="0 0 512 512"
                width="1em"
                xmlns="http://www.w3.org/2000/svg"
              >
                <path
                  d="M504 256C504 119 393 8 256 8S8 119 8 256c0 123.78 90.69 226.38 209.25 245V327.69h-63V256h63v-54.64c0-62.15 37-96.48 93.67-96.48 27.14 0 55.52 4.84 55.52 4.84v61h-31.28c-30.8 0-40.41 19.12-40.41 38.73V256h68.78l-11 71.69h-57.78V501C413.31 482.38 504 379.78 504 256z"
                />
              </svg>
              <svg
                className=" "
                fill="currentColor"
                height="1em"
                stroke="currentColor"
                strokeWidth="0"
                style={
                  Object {
                    "color": undefined,
                  }
                }
                viewBox="0 0 448 512"
                width="1em"
                xmlns="http://www.w3.org/2000/svg"
              >
                <path
                  d="M224.1 141c-63.6 0-114.9 51.3-114.9 114.9s51.3 114.9 114.9 114.9S339 319.5 339 255.9 287.7 141 224.1 141zm0 189.6c-41.1 0-74.7-33.5-74.7-74.7s33.5-74.7 74.7-74.7 74.7 33.5 74.7 74.7-33.6 74.7-74.7 74.7zm146.4-194.3c0 14.9-12 26.8-26.8 26.8-14.9 0-26.8-12-26.8-26.8s12-26.8 26.8-26.8 26.8 12 26.8 26.8zm76.1 27.2c-1.7-35.9-9.9-67.7-36.2-93.9-26.2-26.2-58-34.4-93.9-36.2-37-2.1-147.9-2.1-184.9 0-35.8 1.7-67.6 9.9-93.9 36.1s-34.4 58-36.2 93.9c-2.1 37-2.1 147.9 0 184.9 1.7 35.9 9.9 67.7 36.2 93.9s58 34.4 93.9 36.2c37 2.1 147.9 2.1 184.9 0 35.9-1.7 67.7-9.9 93.9-36.2 26.2-26.2 34.4-58 36.2-93.9 2.1-37 2.1-147.8 0-184.8zM398.8 388c-7.8 19.6-22.9 34.7-42.6 42.6-29.5 11.7-99.5 9-132.1 9s-102.7 2.6-132.1-9c-19.6-7.8-34.7-22.9-42.6-42.6-11.7-29.5-9-99.5-9-132.1s-2.6-102.7 9-132.1c7.8-19.6 22.9-34.7 42.6-42.6 29.5-11.7 99.5-9 132.1-9s102.7-2.6 132.1 9c19.6 7.8 34.7 22.9 42.6 42.6 11.7 29.5 9 99.5 9 132.1s2.7 102.7-9 132.1z"
                />
              </svg>
              <svg
                className="mr-1 "
                fill="currentColor"
                height="1em"
                stroke="currentColor"
                strokeWidth="0"
                style={
                  Object {
                    "color": undefined,
                  }
                }
                viewBox="0 0 512 512"
                width="1em"
                xmlns="http://www.w3.org/2000/svg"
              >
                <path
                  d="M459.37 151.716c.325 4.548.325 9.097.325 13.645 0 138.72-105.583 298.558-298.558 298.558-59.452 0-114.68-17.219-161.137-47.106 8.447.974 16.568 1.299 25.34 1.299 49.055 0 94.213-16.568 130.274-44.832-46.132-.975-84.792-31.188-98.112-72.772 6.498.974 12.995 1.624 19.818 1.624 9.421 0 18.843-1.3 27.614-3.573-48.081-9.747-84.143-51.98-84.143-102.985v-1.299c13.969 7.797 30.214 12.67 47.431 13.319-28.264-18.843-46.781-51.005-46.781-87.391 0-19.492 5.197-37.36 14.294-52.954 51.655 63.675 129.3 105.258 216.365 109.807-1.624-7.797-2.599-15.918-2.599-24.04 0-57.828 46.782-104.934 104.934-104.934 30.213 0 57.502 12.67 76.67 33.137 23.715-4.548 46.456-13.32 66.599-25.34-7.798 24.366-24.366 44.833-46.132 57.827 21.117-2.273 41.584-8.122 60.426-16.243-14.292 20.791-32.161 39.308-52.628 54.253z"
                />
              </svg>
              <svg
                className="mr-1 "
                fill="currentColor"
                height="1em"
                stroke="currentColor"
                strokeWidth="0"
                style={
                  Object {
                    "color": undefined,
                  }
                }
                viewBox="0 0 448 512"
                width="1em"
                xmlns="http://www.w3.org/2000/svg"
              >
                <path
                  d="M416 32H31.9C14.3 32 0 46.5 0 64.3v383.4C0 465.5 14.3 480 31.9 480H416c17.6 0 32-14.5 32-32.3V64.3c0-17.8-14.4-32.3-32-32.3zM135.4 416H69V202.2h66.5V416zm-33.2-243c-21.3 0-38.5-17.3-38.5-38.5S80.9 96 102.2 96c21.2 0 38.5 17.3 38.5 38.5 0 21.3-17.2 38.5-38.5 38.5zm282.1 243h-66.4V312c0-24.8-.5-56.7-34.5-56.7-34.6 0-39.9 27-39.9 54.9V416h-66.4V202.2h63.7v29.2h.9c8.9-16.8 30.6-34.5 62.9-34.5 67.2 0 79.7 44.3 79.7 101.9V416z"
                />
              </svg>
              <svg
                fill="currentColor"
                height="1em"
                stroke="currentColor"
                strokeWidth="0"
                style={
                  Object {
                    "color": undefined,
                  }
                }
                viewBox="0 0 512 512"
                width="1em"
                xmlns="http://www.w3.org/2000/svg"
              >
                <path
                  d="M256 8C119 8 8 119 8 256s111 248 248 248 248-111 248-248S393 8 256 8zm115.7 272l-176 101c-15.8 8.8-35.7-2.5-35.7-21V152c0-18.4 19.8-29.8 35.7-21l176 107c16.4 9.2 16.4 32.9 0 42z"
                />
              </svg>
            </div>
          </div>
          <div
            className="flex flex-col py-4 lg:py-0 lg:flex-row"
          >
            <div
              className="flex py-4"
            >
              <ul
                className="lg:flex lg:flex-col mr-[8vh] md:mr-[16vh] lg:mr-0 lg:ml-28 cursor-pointer"
              >
                <li
                  className="py-2 text-sm font-bold"
                >
                  Dev Pulse
                </li>
                <li
                  className="py-2 text-xs"
                >
                  About us
                </li>
                <li
                  className="py-2 text-xs"
                >
                  Contact us
                </li>
              </ul>
              <ul
                className="lg:flex lg:flex-col ml-[8vh] md:ml-[16vh] lg:ml-28 cursor-pointer"
              >
                <li
                  className="py-2 text-sm font-bold"
                >
                  Product
                </li>
                <li
                  className="py-2 text-xs"
                >
                  Features
                </li>
                <li
                  className="py-2 text-xs"
                >
                  Integrations
                </li>
              </ul>
            </div>
            <div
              className="flex py-4"
            >
              <ul
                className="lg:flex lg:flex-col mr-[8vh] md:mr-[16vh] lg:mr-0 lg:ml-28 cursor-pointer"
              >
                <li
                  className="py-2 text-sm font-bold"
                >
                  Resources
                </li>
                <li
                  className="py-2 text-xs"
                >
                  Community
                </li>
                <li
                  className="py-2 text-xs"
                >
                  Help Center
                </li>
              </ul>
              <ul
                className="lg:flex lg:flex-col ml-[8vh] md:ml-[16vh] lg:ml-28 cursor-pointer"
              >
                <li
                  className="py-2 text-sm font-bold"
                >
                  Basic Settings
                </li>
                <li
                  className="py-2 text-xs"
                >
                  Terms and conditions
                </li>
                <li
                  className="py-2 text-xs"
                >
                  Privacy and Policies
                </li>
                <select
                  className="mt-2 outline rounded-md px-2 py-1 dark:text-dark-text-fill dark:bg-dark-bg "
                  data-testid="lanChange"
                  defaultValue="en-US"
                  name="language"
                  onChange={[Function]}
                >
                  <option
                    value="en"
                  >
                    English
                  </option>
                  <option
                    value="kn"
                  >
                    Kinyarwanda
                  </option>
                  <option
                    value="fr"
                  >
                    Français
                  </option>
                </select>
              </ul>
            </div>
          </div>
        </div>
        <div
          className=" lg:flex mr-10"
        >
          <span
            className="px-4 lg:py-3 cursor-pointer text-lg"
          >
            © 
            2023
             Pulse Technologies
          </span>
        </div>
      </div>
    </div>
  </div>
  <div
    className="w-full bg-indigo-100 dark:bg-dark-bg undefined"
  >
    <div
      className="px-2 flex flex-col lg:flex-row justify-between items-center w-full h-full"
    >
      <div
        className="flex flex-col lg:flex-row items-center py-5"
      >
        <div
          className="flex flex-col mr-12 lg:mr-0"
        >
          <div
            className="flex mb-2 ml-10 text-dark dark:text-dark-text-fill"
          >
            <svg
              className="w-full cursor-pointer mr-2"
              fill="none"
              height="36"
              viewBox="0 0 59 36"
              width="59"
              xmlns="http://www.w3.org/2000/svg"
            >
              <circle
                cx="9.5"
                cy="18.5"
                r="5"
                stroke="currentColor"
                strokeWidth="2"
              />
              <path
                d="M13.5 18.6112H18.2324C18.6625 18.6112 19.0444 18.3362 19.1808 17.9283L20.7981 13.0919C21.1151 12.1442 22.4728 12.1962 22.7164 13.1654L27.0802 30.5328C27.3478 31.5979 28.8876 31.5157 29.0403 30.4282L32.3788 6.64882C32.5367 5.52407 34.1498 5.49149 34.353 6.60894L38.013 26.7361C38.191 27.7149 39.5338 27.8616 39.9189 26.9442L43.1601 19.2241C43.316 18.8528 43.6794 18.6112 44.0821 18.6112H48.5"
                stroke="currentColor"
                strokeWidth="5"
              />
              <circle
                cx="52.5"
                cy="18.5"
                r="5"
                stroke="currentColor"
                strokeWidth="2"
              />
            </svg>
            <h1
              className="text-3xl font-bold"
              data-testid="pulse"
            >
              PULSE
            </h1>
          </div>
          <div
            className="flex border-none justify-around items-center ml-16 mt-4 cursor-pointer"
          >
            <svg
              className=" fa-xs "
              fill="currentColor"
              height="1em"
              stroke="currentColor"
              strokeWidth="0"
              style={
                Object {
                  "color": undefined,
                }
              }
              viewBox="0 0 512 512"
              width="1em"
              xmlns="http://www.w3.org/2000/svg"
            >
              <path
                d="M504 256C504 119 393 8 256 8S8 119 8 256c0 123.78 90.69 226.38 209.25 245V327.69h-63V256h63v-54.64c0-62.15 37-96.48 93.67-96.48 27.14 0 55.52 4.84 55.52 4.84v61h-31.28c-30.8 0-40.41 19.12-40.41 38.73V256h68.78l-11 71.69h-57.78V501C413.31 482.38 504 379.78 504 256z"
              />
            </svg>
            <svg
              className=" "
              fill="currentColor"
              height="1em"
              stroke="currentColor"
              strokeWidth="0"
              style={
                Object {
                  "color": undefined,
                }
              }
              viewBox="0 0 448 512"
              width="1em"
              xmlns="http://www.w3.org/2000/svg"
            >
              <path
                d="M224.1 141c-63.6 0-114.9 51.3-114.9 114.9s51.3 114.9 114.9 114.9S339 319.5 339 255.9 287.7 141 224.1 141zm0 189.6c-41.1 0-74.7-33.5-74.7-74.7s33.5-74.7 74.7-74.7 74.7 33.5 74.7 74.7-33.6 74.7-74.7 74.7zm146.4-194.3c0 14.9-12 26.8-26.8 26.8-14.9 0-26.8-12-26.8-26.8s12-26.8 26.8-26.8 26.8 12 26.8 26.8zm76.1 27.2c-1.7-35.9-9.9-67.7-36.2-93.9-26.2-26.2-58-34.4-93.9-36.2-37-2.1-147.9-2.1-184.9 0-35.8 1.7-67.6 9.9-93.9 36.1s-34.4 58-36.2 93.9c-2.1 37-2.1 147.9 0 184.9 1.7 35.9 9.9 67.7 36.2 93.9s58 34.4 93.9 36.2c37 2.1 147.9 2.1 184.9 0 35.9-1.7 67.7-9.9 93.9-36.2 26.2-26.2 34.4-58 36.2-93.9 2.1-37 2.1-147.8 0-184.8zM398.8 388c-7.8 19.6-22.9 34.7-42.6 42.6-29.5 11.7-99.5 9-132.1 9s-102.7 2.6-132.1-9c-19.6-7.8-34.7-22.9-42.6-42.6-11.7-29.5-9-99.5-9-132.1s-2.6-102.7 9-132.1c7.8-19.6 22.9-34.7 42.6-42.6 29.5-11.7 99.5-9 132.1-9s102.7-2.6 132.1 9c19.6 7.8 34.7 22.9 42.6 42.6 11.7 29.5 9 99.5 9 132.1s2.7 102.7-9 132.1z"
              />
            </svg>
            <svg
              className="mr-1 "
              fill="currentColor"
              height="1em"
              stroke="currentColor"
              strokeWidth="0"
              style={
                Object {
                  "color": undefined,
                }
              }
              viewBox="0 0 512 512"
              width="1em"
              xmlns="http://www.w3.org/2000/svg"
            >
              <path
                d="M459.37 151.716c.325 4.548.325 9.097.325 13.645 0 138.72-105.583 298.558-298.558 298.558-59.452 0-114.68-17.219-161.137-47.106 8.447.974 16.568 1.299 25.34 1.299 49.055 0 94.213-16.568 130.274-44.832-46.132-.975-84.792-31.188-98.112-72.772 6.498.974 12.995 1.624 19.818 1.624 9.421 0 18.843-1.3 27.614-3.573-48.081-9.747-84.143-51.98-84.143-102.985v-1.299c13.969 7.797 30.214 12.67 47.431 13.319-28.264-18.843-46.781-51.005-46.781-87.391 0-19.492 5.197-37.36 14.294-52.954 51.655 63.675 129.3 105.258 216.365 109.807-1.624-7.797-2.599-15.918-2.599-24.04 0-57.828 46.782-104.934 104.934-104.934 30.213 0 57.502 12.67 76.67 33.137 23.715-4.548 46.456-13.32 66.599-25.34-7.798 24.366-24.366 44.833-46.132 57.827 21.117-2.273 41.584-8.122 60.426-16.243-14.292 20.791-32.161 39.308-52.628 54.253z"
              />
            </svg>
            <svg
              className="mr-1 "
              fill="currentColor"
              height="1em"
              stroke="currentColor"
              strokeWidth="0"
              style={
                Object {
                  "color": undefined,
                }
              }
              viewBox="0 0 448 512"
              width="1em"
              xmlns="http://www.w3.org/2000/svg"
            >
              <path
                d="M416 32H31.9C14.3 32 0 46.5 0 64.3v383.4C0 465.5 14.3 480 31.9 480H416c17.6 0 32-14.5 32-32.3V64.3c0-17.8-14.4-32.3-32-32.3zM135.4 416H69V202.2h66.5V416zm-33.2-243c-21.3 0-38.5-17.3-38.5-38.5S80.9 96 102.2 96c21.2 0 38.5 17.3 38.5 38.5 0 21.3-17.2 38.5-38.5 38.5zm282.1 243h-66.4V312c0-24.8-.5-56.7-34.5-56.7-34.6 0-39.9 27-39.9 54.9V416h-66.4V202.2h63.7v29.2h.9c8.9-16.8 30.6-34.5 62.9-34.5 67.2 0 79.7 44.3 79.7 101.9V416z"
              />
            </svg>
            <svg
              fill="currentColor"
              height="1em"
              stroke="currentColor"
              strokeWidth="0"
              style={
                Object {
                  "color": undefined,
                }
              }
              viewBox="0 0 512 512"
              width="1em"
              xmlns="http://www.w3.org/2000/svg"
            >
              <path
                d="M256 8C119 8 8 119 8 256s111 248 248 248 248-111 248-248S393 8 256 8zm115.7 272l-176 101c-15.8 8.8-35.7-2.5-35.7-21V152c0-18.4 19.8-29.8 35.7-21l176 107c16.4 9.2 16.4 32.9 0 42z"
              />
            </svg>
          </div>
        </div>
        <div
          className="flex flex-col py-4 lg:py-0 lg:flex-row"
        >
          <div
            className="flex py-4"
          >
            <ul
              className="lg:flex lg:flex-col mr-[8vh] md:mr-[16vh] lg:mr-0 lg:ml-28 cursor-pointer"
            >
              <li
                className="py-2 text-sm font-bold"
              >
                Dev Pulse
              </li>
              <li
                className="py-2 text-xs"
              >
                About us
              </li>
              <li
                className="py-2 text-xs"
              >
                Contact us
              </li>
            </ul>
            <ul
              className="lg:flex lg:flex-col ml-[8vh] md:ml-[16vh] lg:ml-28 cursor-pointer"
            >
              <li
                className="py-2 text-sm font-bold"
              >
                Product
              </li>
              <li
                className="py-2 text-xs"
              >
                Features
              </li>
              <li
                className="py-2 text-xs"
              >
                Integrations
              </li>
            </ul>
          </div>
          <div
            className="flex py-4"
          >
            <ul
              className="lg:flex lg:flex-col mr-[8vh] md:mr-[16vh] lg:mr-0 lg:ml-28 cursor-pointer"
            >
              <li
                className="py-2 text-sm font-bold"
              >
                Resources
              </li>
              <li
                className="py-2 text-xs"
              >
                Community
              </li>
              <li
                className="py-2 text-xs"
              >
                Help Center
              </li>
            </ul>
            <ul
              className="lg:flex lg:flex-col ml-[8vh] md:ml-[16vh] lg:ml-28 cursor-pointer"
            >
              <li
                className="py-2 text-sm font-bold"
              >
                Basic Settings
              </li>
              <li
                className="py-2 text-xs"
              >
                Terms and conditions
              </li>
              <li
                className="py-2 text-xs"
              >
                Privacy and Policies
              </li>
              <select
                className="mt-2 outline rounded-md px-2 py-1 dark:text-dark-text-fill dark:bg-dark-bg "
                data-testid="lanChange"
                defaultValue="en-US"
                name="language"
                onChange={[Function]}
              >
                <option
                  value="en"
                >
                  English
                </option>
                <option
                  value="kn"
                >
                  Kinyarwanda
                </option>
                <option
                  value="fr"
                >
                  Français
                </option>
              </select>
            </ul>
          </div>
        </div>
      </div>
      <div
        className=" lg:flex mr-10"
      >
        <span
          className="px-4 lg:py-3 cursor-pointer text-lg"
        >
          © 
          2023
           Pulse Technologies
        </span>
      </div>
    </div>
  </div>
</div>
`;
