// Jest Snapshot v1, https://goo.gl/fbAQLP

exports[`Button Loading Renders the button 1`] = `
<div
  className="flex btn w-fit py-1 px-3 bg-primary font-bold md"
>
  <div
    className="loader mr-1"
  />
  <button
    className="ml-1 text-white font-bold"
    disabled={true}
  >
    Processing...
  </button>
</div>
`;
