// Jest Snapshot v1, https://goo.gl/fbAQLP

exports[`notification test should render notification 1`] = `
<div
  className="fixed top-0 left-0 z-50 w-screen h-screen px-0 md:px-4"
>
  <div
    aria-label="background"
    className="absolute top-0 left-0 w-full h-full bg-dark-45 z-1"
    data-testid="keyClick"
    onClick={[Function]}
    onKeyDown={[Function]}
    role="button"
    tabIndex={0}
  />
  <div
    className="absolute top-[60px] right-0 left-0 mx-auto px-3 md:px-4 md:mx-0 md:left-auto md:right-[60px] z-2  w-full max-w-[34rem] h-[calc(100%-85px)]"
  >
    <div
      className="flex flex-col flex-nowrap w-full h-max max-h-full bg-[#FFF] dark:bg-dark-frame-bg rounded-md px-1"
    >
      <div
        className="flex items-center justify-between w-full px-1 py-4 md:px-4 md:py-6"
      >
        <p
          className="font-semibold dark:text-white"
        >
          Notifications
        </p>
        <svg
          aria-hidden="true"
          className="w-6 h-6 border-black cursor-pointer dark:fill-white"
          data-testid="closeIcon"
          fill="currentColor"
          fontSize="70px"
          onClick={[Function]}
          viewBox="0 0 20 20"
          xmlns="http://www.w3.org/2000/svg"
        >
          <path
            clipRule="evenodd"
            d="M4.293 4.293a1 1 0 011.414 0L10 8.586l4.293-4.293a1 1 0 111.414 1.414L11.414 10l4.293 4.293a1 1 0 01-1.414 1.414L10 11.414l-4.293 4.293a1 1 0 01-1.414-1.414L8.586 10 4.293 5.707a1 1 0 010-1.414z"
            fillRule="evenodd"
          />
        </svg>
      </div>
      <div
        className="flex flex-col gap-3 w-[98%] md:w-[96.5%] overflow-auto pb-5 pl-2 md:pl-5 pr-[6px] mr-5 custom-scrollbar"
        data-testid="notificationsContainer"
      >
        <p>
          There are no notifications for you!
        </p>
      </div>
      <div
        className="flex flex-row justify-between w-full px-2 md:p-4 align-center"
      />
    </div>
  </div>
</div>
`;
