// Jest Snapshot v1, https://goo.gl/fbAQLP

exports[`AdminTraineeDashboard Tests Renders AdminTraineeDashboard 1`] = `
Array [
  <div
    className="rounded-lg dark:bg-dark-bg"
  />,
  <div
    className="h-screen w-screen z-20 bg-black bg-opacity-30 backdrop-blur-sm absolute flex items-center justify-center  px-4 hidden"
  >
    <div
      className="w-full p-4 pb-8 bg-white rounded-lg dark:bg-dark-bg sm:w-3/4 xl:w-4/12"
    >
      <div
        className="flex flex-wrap items-center justify-center w-full card-title "
      >
        <h3
          className="w-11/12 text-sm font-bold text-center dark:text-white "
        >
          Send Invitation
        </h3>
        <hr
          className="w-full my-3 border-b bg-primary"
        />
      </div>
      <div
        className="card-body"
      >
        <form
          className="px-8 py-3 "
        >
          <div
            className="flex flex-wrap items-center justify-center w-full card-title "
          >
            <h3
              className="w-11/12 text-sm font-bold text-center dark:text-white "
            >
              Fill in the email to invite a user to DevPulse.
            </h3>
          </div>
          <div
            className="my-3 text-white input h-9 "
          >
            <div
              className="flex items-center w-full h-full text-white rounded-md grouped-input"
            >
              <input
                className="w-full px-5 py-2 font-sans text-xs text-black border rounded outline-none dark:bg-dark-tertiary border-primary"
                name="email"
                onChange={[Function]}
                placeholder="email"
                type="email"
                value=""
              />
            </div>
          </div>
          <div
            className="flex justify-between w-full"
          >
            <button
              className="btn info sm w-[30%] md:w-1/4 text-sm font-sans"
              data-testid="removeInviteModel"
              disabled={false}
              onClick={[Function]}
              type="button"
            >
              Cancel
            </button>
            <button
              className="btn primary sm w-[30%] md:w-1/4 text-sm font-sans"
              disabled={false}
              onClick={[Function]}
              type="button"
            >
              Invite
            </button>
          </div>
        </form>
      </div>
    </div>
  </div>,
  <div
    className="h-screen w-screen z-20 bg-black bg-opacity-40 backdrop-blur-sm absolute flex items-center justify-center  px-4 hidden"
  >
    <div
      className="w-full p-4 pb-8 bg-white rounded-lg dark:bg-dark-bg sm:w-3/4 xl:w-4/12"
    >
      <div
        className="flex flex-wrap items-center justify-center w-full card-title "
      >
        <h3
          className="w-11/12 text-sm font-bold text-center dark:text-white "
        >
          Edit Trainee
        </h3>
        <hr
          className="w-full my-3 border-b bg-primary"
        />
      </div>
      <div
        className="card-body"
      >
        <form
          className="px-8 py-3 "
        >
          <div
            className="flex flex-wrap items-center justify-center w-full card-title "
          >
            <h3
              className="w-11/12 text-sm font-bold text-center dark:text-white "
            >
              Choose a different cohort for the trainee from the dropdown below.
            </h3>
          </div>
          <div
            className="my-3 text-white input h-9 "
          >
            <div
              className="flex items-center w-full h-full text-white rounded-md grouped-input"
            >
              <div
                className="my-react-select-container css-b62m3t-container"
                onKeyDown={[Function]}
              >
                <span
                  className="css-1f43avz-a11yText-A11yText"
                  id="react-select-2-live-region"
                />
                <span
                  aria-atomic="false"
                  aria-live="polite"
                  aria-relevant="additions text"
                  className="css-1f43avz-a11yText-A11yText"
                />
                <div
                  className="my-react-select__control css-1an72ab-control"
                  onMouseDown={[Function]}
                  onTouchEnd={[Function]}
                >
                  <div
                    className="my-react-select__value-container my-react-select__value-container--has-value css-1fdsijx-ValueContainer"
                  >
                    <div
                      className="my-react-select__single-value css-1v6as4q-singleValue"
                    />
                    <div
                      className="my-react-select__input-container css-qbdosj-Input"
                      data-value=""
                    >
                      <input
                        aria-autocomplete="list"
                        aria-expanded={false}
                        aria-haspopup={true}
                        autoCapitalize="none"
                        autoComplete="off"
                        autoCorrect="off"
                        className="my-react-select__input"
                        disabled={false}
                        id="react-select-2-input"
                        onBlur={[Function]}
                        onChange={[Function]}
                        onFocus={[Function]}
                        role="combobox"
                        spellCheck="false"
                        style={
                          Object {
                            "background": 0,
                            "border": 0,
                            "color": "inherit",
                            "font": "inherit",
                            "gridArea": "1 / 2",
                            "label": "input",
                            "margin": 0,
                            "minWidth": "2px",
                            "opacity": 1,
                            "outline": 0,
                            "padding": 0,
                            "width": "100%",
                          }
                        }
                        tabIndex={0}
                        type="text"
                        value=""
                      />
                    </div>
                  </div>
                  <div
                    className="my-react-select__indicators css-1hb7zxy-IndicatorsContainer"
                  >
                    <span
                      className="my-react-select__indicator-separator css-1u9des2-indicatorSeparator"
                    />
                    <div
                      aria-hidden="true"
                      className="my-react-select__indicator my-react-select__dropdown-indicator css-1xc3v61-indicatorContainer"
                      onMouseDown={[Function]}
                      onTouchEnd={[Function]}
                    >
                      <svg
                        aria-hidden="true"
                        className="css-tj5bde-Svg"
                        focusable="false"
                        height={20}
                        viewBox="0 0 20 20"
                        width={20}
                      >
                        <path
                          d="M4.516 7.548c0.436-0.446 1.043-0.481 1.576 0l3.908 3.747 3.908-3.747c0.533-0.481 1.141-0.446 1.574 0 0.436 0.445 0.408 1.197 0 1.615-0.406 0.418-4.695 4.502-4.695 4.502-0.217 0.223-0.502 0.335-0.787 0.335s-0.57-0.112-0.789-0.335c0 0-4.287-4.084-4.695-4.502s-0.436-1.17 0-1.615z"
                        />
                      </svg>
                    </div>
                  </div>
                </div>
              </div>
            </div>
          </div>
          <div
            className="my-3 text-white input h-9 "
          >
            <div
              className="flex items-center w-full h-full text-white rounded-md grouped-input"
            >
              <div
                className="my-react-select-container css-b62m3t-container"
                onKeyDown={[Function]}
              >
                <span
                  className="css-1f43avz-a11yText-A11yText"
                  id="react-select-3-live-region"
                />
                <span
                  aria-atomic="false"
                  aria-live="polite"
                  aria-relevant="additions text"
                  className="css-1f43avz-a11yText-A11yText"
                />
                <div
                  className="my-react-select__control css-1an72ab-control"
                  onMouseDown={[Function]}
                  onTouchEnd={[Function]}
                >
                  <div
                    className="my-react-select__value-container my-react-select__value-container--has-value css-1fdsijx-ValueContainer"
                  >
                    <div
                      className="my-react-select__single-value css-1v6as4q-singleValue"
                    />
                    <div
                      className="my-react-select__input-container css-qbdosj-Input"
                      data-value=""
                    >
                      <input
                        aria-autocomplete="list"
                        aria-expanded={false}
                        aria-haspopup={true}
                        autoCapitalize="none"
                        autoComplete="off"
                        autoCorrect="off"
                        className="my-react-select__input"
                        disabled={false}
                        id="react-select-3-input"
                        onBlur={[Function]}
                        onChange={[Function]}
                        onFocus={[Function]}
                        role="combobox"
                        spellCheck="false"
                        style={
                          Object {
                            "background": 0,
                            "border": 0,
                            "color": "inherit",
                            "font": "inherit",
                            "gridArea": "1 / 2",
                            "label": "input",
                            "margin": 0,
                            "minWidth": "2px",
                            "opacity": 1,
                            "outline": 0,
                            "padding": 0,
                            "width": "100%",
                          }
                        }
                        tabIndex={0}
                        type="text"
                        value=""
                      />
                    </div>
                  </div>
                  <div
                    className="my-react-select__indicators css-1hb7zxy-IndicatorsContainer"
                  >
                    <span
                      className="my-react-select__indicator-separator css-1u9des2-indicatorSeparator"
                    />
                    <div
                      aria-hidden="true"
                      className="my-react-select__indicator my-react-select__dropdown-indicator css-1xc3v61-indicatorContainer"
                      onMouseDown={[Function]}
                      onTouchEnd={[Function]}
                    >
                      <svg
                        aria-hidden="true"
                        className="css-tj5bde-Svg"
                        focusable="false"
                        height={20}
                        viewBox="0 0 20 20"
                        width={20}
                      >
                        <path
                          d="M4.516 7.548c0.436-0.446 1.043-0.481 1.576 0l3.908 3.747 3.908-3.747c0.533-0.481 1.141-0.446 1.574 0 0.436 0.445 0.408 1.197 0 1.615-0.406 0.418-4.695 4.502-4.695 4.502-0.217 0.223-0.502 0.335-0.787 0.335s-0.57-0.112-0.789-0.335c0 0-4.287-4.084-4.695-4.502s-0.436-1.17 0-1.615z"
                        />
                      </svg>
                    </div>
                  </div>
                </div>
              </div>
            </div>
          </div>
          <div
            className="flex justify-between w-full"
          >
            <button
              className="btn info sm w-[30%] md:w-1/4 text-sm font-sans"
              data-testid="removeModel1"
              disabled={false}
              onClick={[Function]}
              type="button"
            >
              Cancel
            </button>
            <button
              className="btn primary sm w-[30%] md:w-1/4 text-sm font-sans"
              disabled={false}
              onClick={[Function]}
              type="button"
            >
              Proceed
            </button>
          </div>
        </form>
      </div>
    </div>
  </div>,
  <div
    className="h-screen w-screen z-20 bg-black bg-opacity-30 backdrop-blur-sm absolute flex items-center justify-center  px-4 hidden"
  >
    <div
      className="w-full p-4 pb-8 bg-white rounded-lg dark:bg-dark-bg sm:w-3/4 xl:w-4/12"
    >
      <div
        className="flex flex-wrap items-center justify-center w-full card-title "
      >
        <h3
          className="w-11/12 text-sm font-bold text-center dark:text-white "
        >
          Remove Trainee
        </h3>
        <hr
          className="w-full my-3 border-b bg-primary"
        />
      </div>
      <div
        className="card-body"
      >
        <form
          className="px-8 py-3 "
        >
          <div
            className="flex flex-wrap items-center justify-center w-full card-title "
          >
            <h3
              className="w-11/12 text-sm font-bold text-center dark:text-white "
            >
              Are you sure you want to remove trainee from this cohort?
            </h3>
          </div>
          <div
            className="flex justify-between w-full"
          >
            <button
              className="btn info sm w-[30%] md:w-1/4 text-sm font-sans"
              data-testid="removeModel2"
              disabled={false}
              onClick={[Function]}
              type="button"
            >
              Cancel
            </button>
            <button
              className="btn primary sm w-[30%] md:w-1/4 text-sm font-sans"
              data-testid="removeMemberFromCohort"
              disabled={false}
              onClick={[Function]}
              type="button"
            >
              Proceed
            </button>
          </div>
        </form>
      </div>
    </div>
  </div>,
  <div
    className="h-screen w-screen z-20 bg-black bg-opacity-30 backdrop-blur-sm absolute flex items-center justify-center  px-4 hidden"
  >
    <div
      className="w-full p-4 pb-8 bg-white rounded-lg dark:bg-dark-bg sm:w-3/4 xl:w-4/12"
    >
      <div
        className="flex flex-wrap items-center justify-center w-full card-title "
      >
        <h3
          className="w-11/12 text-sm font-bold text-center dark:text-white "
        >
          Add Trainee
        </h3>
        <hr
          className="w-full my-3 border-b bg-primary"
        />
      </div>
      <div
        className="card-body"
      >
        <form
          className="px-8 py-3 "
        >
          <div
            className="my-3 input h-9 "
          >
            <div
              className="flex items-center w-full h-full rounded-md grouped-input"
            >
              <div
                className="my-react-select-container css-b62m3t-container"
                onKeyDown={[Function]}
              >
                <span
                  className="css-1f43avz-a11yText-A11yText"
                  id="react-select-4-live-region"
                />
                <span
                  aria-atomic="false"
                  aria-live="polite"
                  aria-relevant="additions text"
                  className="css-1f43avz-a11yText-A11yText"
                />
                <div
                  className="my-react-select__control css-1dsw3my-control"
                  onMouseDown={[Function]}
                  onTouchEnd={[Function]}
                >
                  <div
                    className="my-react-select__value-container css-1fdsijx-ValueContainer"
                  >
                    <div
                      className="my-react-select__placeholder css-1jqq78o-placeholder"
                      id="react-select-4-placeholder"
                    >
                      choose trainee
                    </div>
                    <div
                      className="my-react-select__input-container css-qbdosj-Input"
                      data-value=""
                    >
                      <input
                        aria-autocomplete="list"
                        aria-describedby="react-select-4-placeholder"
                        aria-expanded={false}
                        aria-haspopup={true}
                        autoCapitalize="none"
                        autoComplete="off"
                        autoCorrect="off"
                        className="my-react-select__input"
                        disabled={false}
                        id="react-select-4-input"
                        onBlur={[Function]}
                        onChange={[Function]}
                        onFocus={[Function]}
                        role="combobox"
                        spellCheck="false"
                        style={
                          Object {
                            "background": 0,
                            "border": 0,
                            "color": "inherit",
                            "font": "inherit",
                            "gridArea": "1 / 2",
                            "label": "input",
                            "margin": 0,
                            "minWidth": "2px",
                            "opacity": 1,
                            "outline": 0,
                            "padding": 0,
                            "width": "100%",
                          }
                        }
                        tabIndex={0}
                        type="text"
                        value=""
                      />
                    </div>
                  </div>
                  <div
                    className="my-react-select__indicators css-1hb7zxy-IndicatorsContainer"
                  >
                    <span
                      className="my-react-select__indicator-separator css-1u9des2-indicatorSeparator"
                    />
                    <div
                      aria-hidden="true"
                      className="my-react-select__indicator my-react-select__dropdown-indicator css-1xc3v61-indicatorContainer"
                      onMouseDown={[Function]}
                      onTouchEnd={[Function]}
                    >
                      <svg
                        aria-hidden="true"
                        className="css-tj5bde-Svg"
                        focusable="false"
                        height={20}
                        viewBox="0 0 20 20"
                        width={20}
                      >
                        <path
                          d="M4.516 7.548c0.436-0.446 1.043-0.481 1.576 0l3.908 3.747 3.908-3.747c0.533-0.481 1.141-0.446 1.574 0 0.436 0.445 0.408 1.197 0 1.615-0.406 0.418-4.695 4.502-4.695 4.502-0.217 0.223-0.502 0.335-0.787 0.335s-0.57-0.112-0.789-0.335c0 0-4.287-4.084-4.695-4.502s-0.436-1.17 0-1.615z"
                        />
                      </svg>
                    </div>
                  </div>
                </div>
              </div>
            </div>
          </div>
          <div
            className="my-3 text-white input h-9 "
          >
            <div
              className="flex items-center w-full h-full text-white rounded-md grouped-input"
            >
              <div
                className="my-react-select-container css-b62m3t-container"
                onKeyDown={[Function]}
              >
                <span
                  className="css-1f43avz-a11yText-A11yText"
                  id="react-select-5-live-region"
                />
                <span
                  aria-atomic="false"
                  aria-live="polite"
                  aria-relevant="additions text"
                  className="css-1f43avz-a11yText-A11yText"
                />
                <div
                  className="my-react-select__control css-1an72ab-control"
                  onMouseDown={[Function]}
                  onTouchEnd={[Function]}
                >
                  <div
                    className="my-react-select__value-container css-1fdsijx-ValueContainer"
                  >
                    <div
                      className="my-react-select__placeholder css-1jqq78o-placeholder"
                      id="react-select-5-placeholder"
                    >
                      Select cohort
                    </div>
                    <div
                      className="my-react-select__input-container css-qbdosj-Input"
                      data-value=""
                    >
                      <input
                        aria-autocomplete="list"
                        aria-describedby="react-select-5-placeholder"
                        aria-expanded={false}
                        aria-haspopup={true}
                        autoCapitalize="none"
                        autoComplete="off"
                        autoCorrect="off"
                        className="my-react-select__input"
                        disabled={false}
                        id="react-select-5-input"
                        onBlur={[Function]}
                        onChange={[Function]}
                        onFocus={[Function]}
                        role="combobox"
                        spellCheck="false"
                        style={
                          Object {
                            "background": 0,
                            "border": 0,
                            "color": "inherit",
                            "font": "inherit",
                            "gridArea": "1 / 2",
                            "label": "input",
                            "margin": 0,
                            "minWidth": "2px",
                            "opacity": 1,
                            "outline": 0,
                            "padding": 0,
                            "width": "100%",
                          }
                        }
                        tabIndex={0}
                        type="text"
                        value=""
                      />
                    </div>
                  </div>
                  <div
                    className="my-react-select__indicators css-1hb7zxy-IndicatorsContainer"
                  >
                    <span
                      className="my-react-select__indicator-separator css-1u9des2-indicatorSeparator"
                    />
                    <div
                      aria-hidden="true"
                      className="my-react-select__indicator my-react-select__dropdown-indicator css-1xc3v61-indicatorContainer"
                      onMouseDown={[Function]}
                      onTouchEnd={[Function]}
                    >
                      <svg
                        aria-hidden="true"
                        className="css-tj5bde-Svg"
                        focusable="false"
                        height={20}
                        viewBox="0 0 20 20"
                        width={20}
                      >
                        <path
                          d="M4.516 7.548c0.436-0.446 1.043-0.481 1.576 0l3.908 3.747 3.908-3.747c0.533-0.481 1.141-0.446 1.574 0 0.436 0.445 0.408 1.197 0 1.615-0.406 0.418-4.695 4.502-4.695 4.502-0.217 0.223-0.502 0.335-0.787 0.335s-0.57-0.112-0.789-0.335c0 0-4.287-4.084-4.695-4.502s-0.436-1.17 0-1.615z"
                        />
                      </svg>
                    </div>
                  </div>
                </div>
              </div>
            </div>
          </div>
          <div
            className="my-3 text-white input h-9 "
          >
            <div
              className="flex items-center w-full h-full text-white rounded-md grouped-input"
            >
              <div
                className="my-react-select-container css-b62m3t-container"
                onKeyDown={[Function]}
              >
                <span
                  className="css-1f43avz-a11yText-A11yText"
                  id="react-select-6-live-region"
                />
                <span
                  aria-atomic="false"
                  aria-live="polite"
                  aria-relevant="additions text"
                  className="css-1f43avz-a11yText-A11yText"
                />
                <div
                  className="my-react-select__control css-1an72ab-control"
                  onMouseDown={[Function]}
                  onTouchEnd={[Function]}
                >
                  <div
                    className="my-react-select__value-container css-1fdsijx-ValueContainer"
                  >
                    <div
                      className="my-react-select__placeholder css-1jqq78o-placeholder"
                      id="react-select-6-placeholder"
                    >
                      Select Team
                    </div>
                    <div
                      className="my-react-select__input-container css-qbdosj-Input"
                      data-value=""
                    >
                      <input
                        aria-autocomplete="list"
                        aria-describedby="react-select-6-placeholder"
                        aria-expanded={false}
                        aria-haspopup={true}
                        autoCapitalize="none"
                        autoComplete="off"
                        autoCorrect="off"
                        className="my-react-select__input"
                        disabled={false}
                        id="react-select-6-input"
                        onBlur={[Function]}
                        onChange={[Function]}
                        onFocus={[Function]}
                        role="combobox"
                        spellCheck="false"
                        style={
                          Object {
                            "background": 0,
                            "border": 0,
                            "color": "inherit",
                            "font": "inherit",
                            "gridArea": "1 / 2",
                            "label": "input",
                            "margin": 0,
                            "minWidth": "2px",
                            "opacity": 1,
                            "outline": 0,
                            "padding": 0,
                            "width": "100%",
                          }
                        }
                        tabIndex={0}
                        type="text"
                        value=""
                      />
                    </div>
                  </div>
                  <div
                    className="my-react-select__indicators css-1hb7zxy-IndicatorsContainer"
                  >
                    <span
                      className="my-react-select__indicator-separator css-1u9des2-indicatorSeparator"
                    />
                    <div
                      aria-hidden="true"
                      className="my-react-select__indicator my-react-select__dropdown-indicator css-1xc3v61-indicatorContainer"
                      onMouseDown={[Function]}
                      onTouchEnd={[Function]}
                    >
                      <svg
                        aria-hidden="true"
                        className="css-tj5bde-Svg"
                        focusable="false"
                        height={20}
                        viewBox="0 0 20 20"
                        width={20}
                      >
                        <path
                          d="M4.516 7.548c0.436-0.446 1.043-0.481 1.576 0l3.908 3.747 3.908-3.747c0.533-0.481 1.141-0.446 1.574 0 0.436 0.445 0.408 1.197 0 1.615-0.406 0.418-4.695 4.502-4.695 4.502-0.217 0.223-0.502 0.335-0.787 0.335s-0.57-0.112-0.789-0.335c0 0-4.287-4.084-4.695-4.502s-0.436-1.17 0-1.615z"
                        />
                      </svg>
                    </div>
                  </div>
                </div>
              </div>
            </div>
          </div>
          <div
            className="flex justify-between w-full"
          >
            <button
              className="btn info sm w-[30%] md:w-1/4 text-sm font-sans"
              data-testid="removeModel"
              disabled={false}
              onClick={[Function]}
              type="button"
            >
              Cancel
            </button>
            <button
              className="btn primary sm w-[30%] md:w-1/4 text-sm font-sans"
              data-testid="saveButton"
              disabled={false}
              onClick={[Function]}
              type="button"
            >
              save
            </button>
          </div>
        </form>
      </div>
    </div>
  </div>,
  <div
    className="flex flex-col h-screen"
  >
    <div
      className="flex flex-row"
    >
      <div
        className="hidden lg:flex flex-col fixed h-[100%] pt-[3vh] lg:pt-[11vh] bg-white dark:bg-dark-bg border-r p-2"
      >
        <div
          className="pr-8 list-none"
        >
          <li
            className="mb-4 hover:text-primary transition-all group-hover:transition-all"
          >
            <a
              className="flex flex-row dark:text-dark-text-fill"
              href="/dashboard/"
              onClick={[Function]}
            >
              <svg
                aria-hidden="true"
                className="w-5 mr-2 "
                fill="currentColor"
                viewBox="0 0 20 20"
                xmlns="http://www.w3.org/2000/svg"
              >
                <path
                  d="M2 10a8 8 0 018-8v8h8a8 8 0 11-16 0z"
                />
                <path
                  d="M12 2.252A8.014 8.014 0 0117.748 8H12V2.252z"
                />
              </svg>
              <span
                className="text-base "
              >
                Dashboard
              </span>
            </a>
          </li>
          <li
            className="mb-4 hover:text-primary transition-all group-hover:transition-all"
          >
            <a
              className="flex flex-row dark:text-dark-text-fill"
              href="/dashboard/calendar"
              onClick={[Function]}
            >
              <svg
                aria-hidden="true"
                className="w-5 mr-2"
                fill="currentColor"
                viewBox="0 0 20 20"
                xmlns="http://www.w3.org/2000/svg"
              >
                <path
                  clipRule="evenodd"
                  d="M6 2a1 1 0 00-1 1v1H4a2 2 0 00-2 2v10a2 2 0 002 2h12a2 2 0 002-2V6a2 2 0 00-2-2h-1V3a1 1 0 10-2 0v1H7V3a1 1 0 00-1-1zm0 5a1 1 0 000 2h8a1 1 0 100-2H6z"
                  fillRule="evenodd"
                />
              </svg>
              <span
                className="text-base "
              >
                Calendar
              </span>
            </a>
          </li>
          <div
            className="flex flex-row mt-auto ml-10 list-none"
          >
            <li
              className="px-2"
            >
              <a
                aria-current="page"
                className="active"
                href="/#link"
                onClick={[Function]}
              >
                <div
                  className="relative flex flex-col items-center group"
                >
                  <svg
                    aria-hidden="true"
                    className="w-5 text-red-700 dark:text-red-600 hover:text-red-900"
                    fill="currentColor"
                    viewBox="0 0 20 20"
                    xmlns="http://www.w3.org/2000/svg"
                  >
                    <path
                      clipRule="evenodd"
                      d="M3 3a1 1 0 00-1 1v12a1 1 0 102 0V4a1 1 0 00-1-1zm10.293 9.293a1 1 0 001.414 1.414l3-3a1 1 0 000-1.414l-3-3a1 1 0 10-1.414 1.414L14.586 9H7a1 1 0 100 2h7.586l-1.293 1.293z"
                      fillRule="evenodd"
                    />
                  </svg>
                  <div
                    className="absolute bottom-0 hidden flex-col items-center mb-6 group-hover:flex"
                  >
                    <span
                      className="relative z-10 p-2 text-xs leading-none text-white whitespace-no-wrap bg-gray-600 shadow-lg rounded-md"
                    >
                      Logout
                    </span>
                    <div
                      className="w-3 h-3 -mt-2 rotate-45 bg-gray-600"
                    />
                  </div>
                </div>
              </a>
            </li>
            <li
              className="px-2"
            >
              <a
                className="flex flex-row dark:text-dark-text-fill"
                href="/dashboard/settings"
                onClick={[Function]}
              >
                <div
                  className="relative flex flex-col items-center group"
                >
                  <svg
                    aria-hidden="true"
                    className="w-5 hover:text-primary "
                    fill="none"
                    onClick={[Function]}
                    stroke="currentColor"
                    strokeWidth={2}
                    viewBox="0 0 24 24"
                    xmlns="http://www.w3.org/2000/svg"
                  >
                    <path
                      d="M10.325 4.317c.426-1.756 2.924-1.756 3.35 0a1.724 1.724 0 002.573 1.066c1.543-.94 3.31.826 2.37 2.37a1.724 1.724 0 001.065 2.572c1.756.426 1.756 2.924 0 3.35a1.724 1.724 0 00-1.066 2.573c.94 1.543-.826 3.31-2.37 2.37a1.724 1.724 0 00-2.572 1.065c-.426 1.756-2.924 1.756-3.35 0a1.724 1.724 0 00-2.573-1.066c-1.543.94-3.31-.826-2.37-2.37a1.724 1.724 0 00-1.065-2.572c-1.756-.426-1.756-2.924 0-3.35a1.724 1.724 0 001.066-2.573c-.94-1.543.826-3.31 2.37-2.37.996.608 2.296.07 2.572-1.065z"
                      strokeLinecap="round"
                      strokeLinejoin="round"
                    />
                    <path
                      d="M15 12a3 3 0 11-6 0 3 3 0 016 0z"
                      strokeLinecap="round"
                      strokeLinejoin="round"
                    />
                  </svg>
                  <div
                    className="absolute bottom-0 hidden flex-col items-center mb-6 group-hover:flex"
                  >
                    <span
                      className="relative z-10 p-2 text-xs leading-none text-white whitespace-no-wrap bg-gray-600 shadow-lg rounded-md"
                    >
                      Settings
                    </span>
                    <div
                      className="w-3 h-3 -mt-2 rotate-45 bg-gray-600"
                    />
                  </div>
                </div>
              </a>
            </li>
          </div>
        </div>
      </div>
      <div
        className="w-full"
      >
        <div>
          <div
            className="min-h-screen overflow-x-hidden overflow-y-auto bg-light-bg dark:bg-dark-frame-bg"
          >
            <div
              className="flex px-10 pt-24 pb-8 items-left lg:px-60"
            >
              <div
                className="space-x-8 lg:ml-7"
              >
                <button
                  className="btn primary lg undefined"
                  data-testid="registerModel"
                  disabled={false}
                  onClick={[Function]}
                  type="button"
                >
                   
                  add
                   +
                   
                </button>
                <button
                  className="btn primary lg undefined"
                  data-testid="inviteModel"
                  disabled={false}
                  onClick={[Function]}
                  type="button"
                >
                  Invite
                </button>
              </div>
            </div>
            <div
              className="px-3 md:px-8"
            >
              <div
                className="bg-white dark:bg-dark-bg shadow-lg px-5 py-8 rounded-md w-[100%] mx-auto lg:w-[80%] lg:ml-60 mb-10"
              >
                <div
                  className="flex items-center justify-between pb-6 "
                >
                  <div>
                    <h2
                      className="text-xl font-semibold text-gray-800 dark:text-white"
                    >
                      Trainees list
                    </h2>
                    <input
                      className="px-5 py-2 mt-4 font-sans text-xs border border-gray-300 rounded outline-none dark:bg-dark-tertiary dark:text-white w-52 md:w-96"
                      defaultValue=""
                      onChange={[Function]}
                      placeholder="Filter"
                    />
                  </div>
                </div>
                <div
                  style={
                    Object {
                      "overflowX": "auto",
                    }
                  }
                >
                  <table
                    className="min-w-full leading-normal"
                    role="table"
                  >
                    <thead>
                      <tr
                        role="row"
                      >
                        <th
                          className=" thead"
                          colSpan={1}
                          onClick={[Function]}
                          role="columnheader"
                          style={
                            Object {
                              "cursor": "pointer",
                            }
                          }
                          title="Toggle SortBy"
                        >
                          name
                        </th>
                        <th
                          className=" thead"
                          colSpan={1}
                          onClick={[Function]}
                          role="columnheader"
                          style={
                            Object {
                              "cursor": "pointer",
                            }
                          }
                          title="Toggle SortBy"
                        >
                          email
                        </th>
                        <th
                          className=" thead"
                          colSpan={1}
                          onClick={[Function]}
                          role="columnheader"
                          style={
                            Object {
                              "cursor": "pointer",
                            }
                          }
                          title="Toggle SortBy"
                        >
                          rating
                        </th>
                        <th
                          className=" thead"
                          colSpan={1}
                          onClick={[Function]}
                          role="columnheader"
                          style={
                            Object {
                              "cursor": "pointer",
                            }
                          }
                          title="Toggle SortBy"
                        >
                          Team
                        </th>
                        <th
                          className=" thead"
                          colSpan={1}
                          onClick={[Function]}
                          role="columnheader"
                          style={
                            Object {
                              "cursor": "pointer",
                            }
                          }
                          title="Toggle SortBy"
                        >
                          cohort
                        </th>
                        <th
                          className=" thead"
                          colSpan={1}
                          onClick={[Function]}
                          role="columnheader"
                          style={
                            Object {
                              "cursor": "pointer",
                            }
                          }
                          title="Toggle SortBy"
                        >
                          program
                        </th>
                        <th
                          className=" thead"
                          colSpan={1}
                          onClick={[Function]}
                          role="columnheader"
                          style={
                            Object {
                              "cursor": "pointer",
                            }
                          }
                          title="Toggle SortBy"
                        >
                          action
                        </th>
                      </tr>
                    </thead>
                    <tbody
                      role="rowgroup"
                    >
                      <tr
                        className=" bg-white dark:bg-dark-bg} "
                        role="row"
                      >
                        <td
                          className="data-cell"
                          role="cell"
                        />
                        <td
                          className="data-cell"
                          role="cell"
                        />
                        <td
                          className="data-cell"
                          role="cell"
                        />
                        <td
                          className="data-cell"
                          role="cell"
                        />
                        <td
                          className="data-cell"
                          role="cell"
                        />
                        <td
                          className="data-cell"
                          role="cell"
                        />
                        <td
                          className="data-cell"
                          role="cell"
                        >
                          <div
                            className=" items-center hidden"
                          >
                            <span />
                            <span />
                            <span />
                          </div>
                        </td>
                      </tr>
                      <tr>
                        <td
                          colSpan={7}
                          style={
                            Object {
                              "textAlign": "center",
                            }
                          }
                        >
                          loading...
                        </td>
                      </tr>
                    </tbody>
                  </table>
                  <div>
                    <table
                      className="w-full mt-2"
                    >
                      <tfoot
                        className="w-full py-2"
                      >
                        <tr
                          className="w-full py-2"
                        >
                          <td
                            colSpan={7}
                          >
                            <div
                              className="w-full justify-center flex mx-auto flex-row items-center overflow-x-auto"
                            >
                              <button
                                className="page mx-2 text-white rounded-circle appearance-none font-bold flex items-center justify-center bg-primary h-[30px] w-[60px] cursor-pointer"
                                disabled={true}
                                onClick={[Function]}
                                type="button"
                              >
                                <svg
                                  aria-hidden="true"
                                  className="w-5"
                                  fill="none"
                                  fontSize="sm"
                                  stroke="currentColor"
                                  strokeWidth={2}
                                  viewBox="0 0 24 24"
                                  xmlns="http://www.w3.org/2000/svg"
                                >
                                  <path
                                    d="M11 15l-3-3m0 0l3-3m-3 3h8M3 12a9 9 0 1118 0 9 9 0 01-18 0z"
                                    strokeLinecap="round"
                                    strokeLinejoin="round"
                                  />
                                </svg>
                              </button>
                               
                              <button
                                className="page mx-2 text-white rounded-circle font-bold flex items-center justify-center bg-primary h-[30px] w-[60px] cursor-pointer"
                                disabled={true}
                                onClick={[Function]}
                                type="button"
                              >
                                <svg
                                  aria-hidden="true"
                                  className="w-5"
                                  fill="none"
                                  fontSize="sm"
                                  stroke="currentColor"
                                  strokeWidth={2}
                                  viewBox="0 0 24 24"
                                  xmlns="http://www.w3.org/2000/svg"
                                >
                                  <path
                                    d="M13 9l3 3m0 0l-3 3m3-3H8m13 0a9 9 0 11-18 0 9 9 0 0118 0z"
                                    strokeLinecap="round"
                                    strokeLinejoin="round"
                                  />
                                </svg>
                              </button>
                               
                              <div
                                className="flex flex-row justify-center w-full sm:text-[12px] items-center "
                              >
                                <span
                                  className="inline-block mx-2"
                                >
                                  Page
                                   
                                  <strong>
                                    1
                                     of
                                     1
                                  </strong>
                                   
                                </span>
                                <span
                                  className="inline-block mx-2"
                                >
                                  | Go to page:
                                   
                                  <input
                                    className=" outline-none border rounded-md appearance-none border-primary dark:bg-primary pl-1"
                                    defaultValue={1}
                                    onChange={[Function]}
                                    style={
                                      Object {
                                        "border": "solid 0.1rem #4aa5be",
                                        "height": "30px",
                                        "paddingLeft": "1.2rem",
                                        "width": "50px",
                                      }
                                    }
                                    type="number"
                                  />
                                </span>
                                 
                                <select
                                  className="px-1/2 font-raleway rounded-md border border-primary dark:bg-primary"
                                  onChange={[Function]}
                                  style={
                                    Object {
                                      "border": "solid 0.1rem #4aa5be",
                                      "height": "30px",
                                    }
                                  }
                                  value={3}
                                >
                                  <option
                                    value={3}
                                  >
                                    Show 
                                    3
                                  </option>
                                  <option
                                    value={5}
                                  >
                                    Show 
                                    5
                                  </option>
                                  <option
                                    value={10}
                                  >
                                    Show 
                                    10
                                  </option>
                                  <option
                                    value={25}
                                  >
                                    Show 
                                    25
                                  </option>
                                  <option
                                    value={50}
                                  >
                                    Show 
                                    50
                                  </option>
                                  <option
                                    value={100}
                                  >
                                    Show 
                                    100
                                  </option>
                                </select>
                              </div>
                            </div>
                          </td>
                        </tr>
                      </tfoot>
                    </table>
                  </div>
                </div>
              </div>
            </div>
          </div>
        </div>
      </div>
    </div>
  </div>,
]
`;
