// Jest Snapshot v1, https://goo.gl/fbAQLP

exports[`Admin Login Should render 1`] = `
Array [
  <div
    className="w-full text-center py-2  dark:bg-dark-bg bg-gray-100  sm:flex sm:items-center sm:justify-center"
  >
    <div
      className="md:rounded-xl md:shadow-xl md:w-full mt-20 sm:max-w-xl sm:rounded-none sm:shadow-none dark:shadow-2xl mb-8"
    >
      <div
        className="py-10 sm:py-8 "
      >
        <h2
          className="text-2xl font-bold text-primary dark:text-dark-text-fill "
        >
          Welcome Back
        </h2>
        <div
          className="border-[1px] w-10 bg-primary border-primary inline-block mb-2"
        />
        <div
          className="flex flex-col items-center"
        >
          <form
            action="#none"
            data-testid="loginForm"
            onSubmit={[Function]}
          >
            <div
              className="w-full border border-gray rounded-md bg-gray-100 p-2 my-4 flex items-center mb-2 dark:bg-dark-bg "
            >
              <svg
                className="text-gray-400 mr-2"
                fill="currentColor"
                height="1em"
                stroke="currentColor"
                strokeWidth="0"
                style={
                  Object {
                    "color": undefined,
                  }
                }
                viewBox="0 0 512 512"
                width="1em"
                xmlns="http://www.w3.org/2000/svg"
              >
                <path
                  d="M464 64H48C21.49 64 0 85.49 0 112v288c0 26.51 21.49 48 48 48h416c26.51 0 48-21.49 48-48V112c0-26.51-21.49-48-48-48zm0 48v40.805c-22.422 18.259-58.168 46.651-134.587 106.49-16.841 13.247-50.201 45.072-73.413 44.701-23.208.375-56.579-31.459-73.413-44.701C106.18 199.465 70.425 171.067 48 152.805V112h416zM48 400V214.398c22.914 18.251 55.409 43.862 104.938 82.646 21.857 17.205 60.134 55.186 103.062 54.955 42.717.231 80.509-37.199 103.053-54.947 49.528-38.783 82.032-64.401 104.947-82.653V400H48z"
                />
              </svg>
              <input
                className="bg-gray-100 outline-none text-sm flex-1 px-2 dark:border-white dark:bg-dark-bg dark:text-white "
                data-testid="email"
                name="email"
                onBlur={[Function]}
                onChange={[Function]}
                placeholder="Email"
                type="email"
              />
            </div>
            <div
              className="text-left mb-1 pl-4"
            />
            <div
              className="md:w-full border border-gray rounded-md bg-gray-100 p-2 my-4 flex items-center rounded mb-2 dark:border-white dark:bg-dark-bg"
            >
              <svg
                className="text-gray-400 mr-2 "
                fill="currentColor"
                height="1em"
                stroke="currentColor"
                strokeWidth="0"
                style={
                  Object {
                    "color": undefined,
                  }
                }
                viewBox="0 0 24 24"
                width="1em"
                xmlns="http://www.w3.org/2000/svg"
              >
                <path
                  d="M0 0h24v24H0z"
                  fill="none"
                />
                <path
                  d="M12 17c1.1 0 2-.9 2-2s-.9-2-2-2-2 .9-2 2 .9 2 2 2zm6-9h-1V6c0-2.76-2.24-5-5-5S7 3.24 7 6v2H6c-1.1 0-2 .9-2 2v10c0 1.1.9 2 2 2h12c1.1 0 2-.9 2-2V10c0-1.1-.9-2-2-2zM8.9 6c0-1.71 1.39-3.1 3.1-3.1s3.1 1.39 3.1 3.1v2H8.9V6zM18 20H6V10h12v10z"
                />
              </svg>
              <input
                className="bg-gray-100 outline-none text-sm flex-1 dark:border-white dark:bg-dark-bg dark:text-white"
                data-testid="password"
                name="password"
                onBlur={[Function]}
                onChange={[Function]}
                placeholder="Password"
                type="password"
              />
              <div
                className="text-gray-400 cursor-pointer onClick= {()=> handleShowPassword}"
              >
                <svg
                  fill="none"
                  height="1em"
                  onClick={[Function]}
                  stroke="currentColor"
                  strokeLinecap="round"
                  strokeLinejoin="round"
                  strokeWidth="2"
                  style={
                    Object {
                      "color": undefined,
                    }
                  }
                  viewBox="0 0 24 24"
                  width="1em"
                  xmlns="http://www.w3.org/2000/svg"
                >
                  <path
                    d="M17.94 17.94A10.07 10.07 0 0 1 12 20c-7 0-11-8-11-8a18.45 18.45 0 0 1 5.06-5.94M9.9 4.24A9.12 9.12 0 0 1 12 4c7 0 11 8 11 8a18.5 18.5 0 0 1-2.16 3.19m-6.72-1.07a3 3 0 1 1-4.24-4.24"
                  />
                  <line
                    x1="1"
                    x2="23"
                    y1="1"
                    y2="23"
                  />
                </svg>
              </div>
            </div>
            <div
              className="text-left mb-1 pl-4"
            />
            <div
              className="flex w-64 justify-between rounded mb-5 mt-5"
            >
              <label
                className="flex items-center text-xs dark:text-dark-text-fill "
                htmlFor="checkbox"
              >
                <input
                  className="mr-1  dark:text-dark-text-fill dark:border-white dark:bg-dark-frame-bg"
                  name="remember"
                  type="checkbox"
                />
                Remember me
              </label>
              <a
                className="text-xs dark:text-dark-text-fill "
                href="/reset-password"
                onClick={[Function]}
              >
                Forgot Password?
              </a>
            </div>
            <div
              className="w-full justify-center ml-[-7px]"
            >
              <button
                className="btn transparentbtn md  w-full bg-primary inline-block rounded-md lg:px-12 lg:py-2 sm:px-4 sm:py-1 md:font-semibold sm:mt-2 sm:font-medium text-white"
                disabled={false}
                type="submit"
              >
                Sign In
              </button>
            </div>
            <div
              className="flex md:w-64 items-center rounded-md cursor-pointer justify-center my-2 w-full border border-gray"
            >
              <a
                className="p-2 mx-1"
                href="#link"
              >
                <svg
                  className="text-2xl dark:text-white"
                  enableBackground="new 0 0 48 48"
                  fill="currentColor"
                  height="1em"
                  stroke="currentColor"
                  strokeWidth="0"
                  style={
                    Object {
                      "color": undefined,
                    }
                  }
                  version="1.1"
                  viewBox="0 0 48 48"
                  width="1em"
                  x="0px"
                  xmlns="http://www.w3.org/2000/svg"
                  y="0px"
                >
                  <path
                    d="M43.611,20.083H42V20H24v8h11.303c-1.649,4.657-6.08,8-11.303,8c-6.627,0-12-5.373-12-12
	c0-6.627,5.373-12,12-12c3.059,0,5.842,1.154,7.961,3.039l5.657-5.657C34.046,6.053,29.268,4,24,4C12.955,4,4,12.955,4,24
	c0,11.045,8.955,20,20,20c11.045,0,20-8.955,20-20C44,22.659,43.862,21.35,43.611,20.083z"
                    fill="#FFC107"
                  />
                  <path
                    d="M6.306,14.691l6.571,4.819C14.655,15.108,18.961,12,24,12c3.059,0,5.842,1.154,7.961,3.039l5.657-5.657
	C34.046,6.053,29.268,4,24,4C16.318,4,9.656,8.337,6.306,14.691z"
                    fill="#FF3D00"
                  />
                  <path
                    d="M24,44c5.166,0,9.86-1.977,13.409-5.192l-6.19-5.238C29.211,35.091,26.715,36,24,36
	c-5.202,0-9.619-3.317-11.283-7.946l-6.522,5.025C9.505,39.556,16.227,44,24,44z"
                    fill="#4CAF50"
                  />
                  <path
                    d="M43.611,20.083H42V20H24v8h11.303c-0.792,2.237-2.231,4.166-4.087,5.571
	c0.001-0.001,0.002-0.001,0.003-0.002l6.19,5.238C36.971,39.205,44,34,44,24C44,22.659,43.862,21.35,43.611,20.083z"
                    fill="#1976D2"
                  />
                </svg>
              </a>
              <p
                className="text-gray-400 my-2 dark:text-dark-text-fill "
              >
                Sign in with Google
              </p>
            </div>
          </form>
        </div>
        <div
          className="my-4 text-sm text-center dark:text-dark-text-fill"
        >
          First time here?
          <a
            className="mx-1 text-primary"
            href="/register-organization"
            onClick={[Function]}
          >
            Register
          </a>
          your organization
        </div>
      </div>
    </div>
  </div>,
  " ",
]
`;
