// Jest Snapshot v1, https://goo.gl/fbAQLP

exports[`Pricing Page Renders the page 1`] = `
<div
  className="bg-light-bg dark:bg-dark-frame-bg flex-grow pt-14 md:pt-10"
>
  <div
    className="flex flex-col justify-center items-center mx-auto grow"
  >
    <h1
      className="text-primary text-lg text-center w-3/4 my-3 md:text-4xl flex justify-center md:my-9 mx-auto"
    >
      pricing_page_header
    </h1>
    <h3
      className="text-light-text dark:text-dark-text-fill text-sm text-center w-3/4 md:text-2xl flex justify-center"
    >
      pricing_page_paragraph
    </h3>
    <div
      className="flex flex-wrap justify-center m-10"
    >
      <div
        className="border-2 w-60 md:w-80 rounded-lg m-10"
      >
        <div
          className="flex flex-col justify-center items-center m-6"
        >
          <h2
            className="text-light-text dark:text-dark-text-fill text-2xl font-bold m-4"
          >
            Free
          </h2>
          <h2
            className="text-light-text dark:text-dark-text-fill text-4xl font-bold m-4"
          >
            $0
          </h2>
          <div
            className="flex flex-col justify-center items-center"
          >
            <h4
              className="text-light-text text-center dark:text-dark-text-fill text-sm"
            >
              $1 
              per month, paid annually
            </h4>
            <div
              className="flex flex-row"
            >
              <h4
                className="text-primary text-sm"
              >
                Annual plan
              </h4>
               
              <span>
                <span />
              </span>
            </div>
          </div>
          <div
            className="m-4"
          >
            <button
              className="btn primary lg undefined"
              type="button"
            >
               
              <a
                href="/pricing-form"
                onClick={[Function]}
              >
                Get Started
              </a>
               
            </button>
          </div>
          <div>
            <div
              className="flex flex-row"
            >
              <span
                className="mr-2"
              >
                <span />
              </span>
              <h4
                className="text-light-text dark:text-dark-text-fill text-sm"
              >
                Comprehensive security
              </h4>
            </div>
            <div
              className="flex flex-row"
            >
              <span
                className="mr-2"
              >
                <span />
              </span>
              <h4
                className="text-light-text dark:text-dark-text-fill text-sm"
              >
                Comprehensive security
              </h4>
            </div>
            <div
              className="flex flex-row"
            >
              <span
                className="mr-2"
              >
                <span />
              </span>
              <h4
                className="text-light-text dark:text-dark-text-fill text-sm"
              >
                Comprehensive security
              </h4>
            </div>
            <div
              className="flex flex-row"
            >
              <span
                className="mr-2"
              >
                <span />
              </span>
              <h4
                className="text-light-text dark:text-dark-text-fill text-sm"
              >
                Comprehensive security
              </h4>
            </div>
            <div
              className="flex flex-row"
            >
              <span
                className="mr-2"
              >
                <span />
              </span>
              <h4
                className="text-light-text dark:text-dark-text-fill text-sm"
              >
                Comprehensive security
              </h4>
            </div>
            <div
              className="flex flex-row"
            >
              <span
                className="mr-2"
              >
                <span />
              </span>
              <h4
                className="text-light-text dark:text-dark-text-fill text-sm"
              >
                Comprehensive security
              </h4>
            </div>
          </div>
        </div>
      </div>
      <div
        className="border-2 w-60 md:w-80 rounded-lg m-10"
      >
        <div
          className="flex flex-col justify-center items-center m-6"
        >
          <h2
            className="text-light-text dark:text-dark-text-fill text-2xl font-bold m-4"
          >
            Premium
          </h2>
          <h2
            className="text-light-text dark:text-dark-text-fill text-4xl font-bold m-4"
          >
            $0
          </h2>
          <div
            className="flex flex-col justify-center items-center"
          >
            <h4
              className="text-light-text text-center dark:text-dark-text-fill text-sm"
            >
              $1 
              per month, paid annually
            </h4>
            <div
              className="flex flex-row"
            >
              <h4
                className="text-primary text-sm"
              >
                Annual plan
              </h4>
               
              <span>
                <span />
              </span>
            </div>
          </div>
          <div
            className="m-4"
          >
            <button
              className="btn primary lg undefined"
              type="button"
            >
               
              <a
                href="/pricing-form"
                onClick={[Function]}
              >
                Get Started
              </a>
               
            </button>
          </div>
          <div>
            <div
              className="flex flex-row"
            >
              <span
                className="mr-2"
              >
                <span />
              </span>
              <h4
                className="text-light-text dark:text-dark-text-fill text-sm"
              >
                Comprehensive security
              </h4>
            </div>
            <div
              className="flex flex-row"
            >
              <span
                className="mr-2"
              >
                <span />
              </span>
              <h4
                className="text-light-text dark:text-dark-text-fill text-sm"
              >
                Comprehensive security
              </h4>
            </div>
            <div
              className="flex flex-row"
            >
              <span
                className="mr-2"
              >
                <span />
              </span>
              <h4
                className="text-light-text dark:text-dark-text-fill text-sm"
              >
                Comprehensive security
              </h4>
            </div>
            <div
              className="flex flex-row"
            >
              <span
                className="mr-2"
              >
                <span />
              </span>
              <h4
                className="text-light-text dark:text-dark-text-fill text-sm"
              >
                Comprehensive security
              </h4>
            </div>
            <div
              className="flex flex-row"
            >
              <span
                className="mr-2"
              >
                <span />
              </span>
              <h4
                className="text-light-text dark:text-dark-text-fill text-sm"
              >
                Comprehensive security
              </h4>
            </div>
            <div
              className="flex flex-row"
            >
              <span
                className="mr-2"
              >
                <span />
              </span>
              <h4
                className="text-light-text dark:text-dark-text-fill text-sm"
              >
                Comprehensive security
              </h4>
            </div>
          </div>
        </div>
      </div>
      <div
        className="border-2 w-60 md:w-80 rounded-lg m-10"
      >
        <div
          className="flex flex-col justify-center items-center m-6"
        >
          <h2
            className="text-light-text dark:text-dark-text-fill text-2xl font-bold m-4"
          >
            Pro
          </h2>
          <h2
            className="text-light-text dark:text-dark-text-fill text-4xl font-bold m-4"
          >
            $0
          </h2>
          <div
            className="flex flex-col justify-center items-center"
          >
            <h4
              className="text-light-text text-center dark:text-dark-text-fill text-sm"
            >
              $1 
              per month, paid annually
            </h4>
            <div
              className="flex flex-row"
            >
              <h4
                className="text-primary text-sm"
              >
                Annual plan
              </h4>
               
              <span>
                <span />
              </span>
            </div>
          </div>
          <div
            className="m-4"
          >
            <button
              className="btn primary lg undefined"
              type="button"
            >
               
              <a
                href="/pricing-form"
                onClick={[Function]}
              >
                Get Started
              </a>
               
            </button>
          </div>
          <div>
            <div
              className="flex flex-row"
            >
              <span
                className="mr-2"
              >
                <span />
              </span>
              <h4
                className="text-light-text dark:text-dark-text-fill text-sm"
              >
                Comprehensive security
              </h4>
            </div>
            <div
              className="flex flex-row"
            >
              <span
                className="mr-2"
              >
                <span />
              </span>
              <h4
                className="text-light-text dark:text-dark-text-fill text-sm"
              >
                Comprehensive security
              </h4>
            </div>
            <div
              className="flex flex-row"
            >
              <span
                className="mr-2"
              >
                <span />
              </span>
              <h4
                className="text-light-text dark:text-dark-text-fill text-sm"
              >
                Comprehensive security
              </h4>
            </div>
            <div
              className="flex flex-row"
            >
              <span
                className="mr-2"
              >
                <span />
              </span>
              <h4
                className="text-light-text dark:text-dark-text-fill text-sm"
              >
                Comprehensive security
              </h4>
            </div>
            <div
              className="flex flex-row"
            >
              <span
                className="mr-2"
              >
                <span />
              </span>
              <h4
                className="text-light-text dark:text-dark-text-fill text-sm"
              >
                Comprehensive security
              </h4>
            </div>
            <div
              className="flex flex-row"
            >
              <span
                className="mr-2"
              >
                <span />
              </span>
              <h4
                className="text-light-text dark:text-dark-text-fill text-sm"
              >
                Comprehensive security
              </h4>
            </div>
          </div>
        </div>
      </div>
    </div>
  </div>
</div>
`;
