// Jest Snapshot v1, https://goo.gl/fbAQLP

exports[`<AdminTraineeDashboard /> Renders AdminTraineeDashboard 1`] = `
Array [
  <div
    className="font-serif rounded-lg dark:bg-dark-bg"
  />,
  <div
    className="h-screen w-screen bg-black bg-opacity-30 backdrop-blur-sm fixed top-0 left-0 z-20 flex items-center justify-center  px-4 hidden"
  >
    <div
      className="w-full p-4 pb-8 bg-indigo-100 rounded-lg dark:bg-dark-bg sm:w-3/4 xl:w-4/12"
    >
      <div
        className="flex flex-wrap items-center justify-center w-full card-title "
      >
        <h3
          className="w-11/12 text-sm font-bold text-center dark:text-white "
        >
          Send Invitation
        </h3>
        <hr
          className="w-full my-3 border-gray-400 "
        />
      </div>
      <div
        className="card-body"
      >
        <form
          className="px-8 py-3 "
          onSubmit={[Function]}
        >
          <div
            className="flex flex-wrap items-center justify-center w-full card-title "
          >
            <h3
              className="w-11/12 text-sm font-bold text-center dark:text-white "
            >
              Fill in the email to invite a user to DevPulse.
            </h3>
          </div>
          <div
            className="my-3 text-white input h-9 "
          >
            <div
              className="flex items-center w-full h-full text-white rounded-md grouped-input"
            >
              <input
                className="w-full px-5 py-2 font-sans text-xs text-black border rounded outline-none dark:bg-dark-tertiary border-primary"
                name="email"
                onChange={[Function]}
                onSubmit={[Function]}
                placeholder="email"
                type="email"
                value=""
              />
            </div>
          </div>
          <div
            className="flex justify-between w-full"
          >
            <button
              className="btn info sm w-[40%] md:w-1/4 text-sm font-sans font-serif "
              data-testid="removeInviteModel"
              disabled={false}
              onClick={[Function]}
              type="button"
            >
              Cancel
            </button>
            <button
              className="btn primary sm w-[40%] md:w-1/4 text-sm font-sans font-serif "
              disabled={false}
              onClick={[Function]}
              type="button"
            >
              Invite
            </button>
          </div>
        </form>
      </div>
    </div>
  </div>,
  <div
    className="h-screen w-screen bg-black bg-opacity-40 backdrop-blur-sm fixed top-0 left-0 z-20 flex items-center justify-center  px-4 hidden"
  >
    <div
      className="w-full p-4 pb-8 bg-white rounded-lg dark:bg-dark-bg sm:w-3/4 xl:w-4/12"
    >
      <div
        className="flex flex-wrap items-center justify-center w-full card-title "
      >
        <h3
          className="w-11/12 text-sm font-bold text-center dark:text-white "
        >
          Edit Trainee
        </h3>
        <hr
          className="w-full my-3 border-b bg-primary"
        />
      </div>
      <div
        className="card-body"
      >
        <form
          className="px-8 py-3 "
        >
          <div
            className="flex flex-wrap items-center justify-center w-full card-title "
          >
            <h3
              className="w-11/12 text-sm font-bold text-center dark:text-white "
            >
              Choose a different cohort for the trainee from the dropdown below.
            </h3>
          </div>
          <div
            className="my-3 text-white input h-9 "
          >
            <div
              className="flex items-center w-full h-full text-white rounded-md grouped-input"
            >
              <div
                className="my-react-select-container font-serif css-b62m3t-container"
                onKeyDown={[Function]}
              >
                <span
                  className="css-1f43avz-a11yText-A11yText"
                  id="react-select-2-live-region"
                />
                <span
                  aria-atomic="false"
                  aria-live="polite"
                  aria-relevant="additions text"
                  className="css-1f43avz-a11yText-A11yText"
                  role="log"
                />
                <div
                  className="my-react-select__control css-1an72ab-control"
                  onMouseDown={[Function]}
                  onTouchEnd={[Function]}
                >
                  <div
                    className="my-react-select__value-container my-react-select__value-container--has-value css-1fdsijx-ValueContainer"
                  >
                    <div
                      className="my-react-select__single-value css-1v6as4q-singleValue"
                    />
                    <div
                      className="my-react-select__input-container css-qbdosj-Input"
                      data-value=""
                    >
                      <input
                        aria-activedescendant=""
                        aria-autocomplete="list"
                        aria-expanded={false}
                        aria-haspopup={true}
                        autoCapitalize="none"
                        autoComplete="off"
                        autoCorrect="off"
                        className="my-react-select__input"
                        disabled={false}
                        id="react-select-2-input"
                        onBlur={[Function]}
                        onChange={[Function]}
                        onFocus={[Function]}
                        role="combobox"
                        spellCheck="false"
                        style={
                          Object {
                            "background": 0,
                            "border": 0,
                            "color": "inherit",
                            "font": "inherit",
                            "gridArea": "1 / 2",
                            "label": "input",
                            "margin": 0,
                            "minWidth": "2px",
                            "opacity": 1,
                            "outline": 0,
                            "padding": 0,
                            "width": "100%",
                          }
                        }
                        tabIndex={0}
                        type="text"
                        value=""
                      />
                    </div>
                  </div>
                  <div
                    className="my-react-select__indicators css-1hb7zxy-IndicatorsContainer"
                  >
                    <span
                      className="my-react-select__indicator-separator css-1u9des2-indicatorSeparator"
                    />
                    <div
                      aria-hidden="true"
                      className="my-react-select__indicator my-react-select__dropdown-indicator css-1xc3v61-indicatorContainer"
                      onMouseDown={[Function]}
                      onTouchEnd={[Function]}
                    >
                      <svg
                        aria-hidden="true"
                        className="css-tj5bde-Svg"
                        focusable="false"
                        height={20}
                        viewBox="0 0 20 20"
                        width={20}
                      >
                        <path
                          d="M4.516 7.548c0.436-0.446 1.043-0.481 1.576 0l3.908 3.747 3.908-3.747c0.533-0.481 1.141-0.446 1.574 0 0.436 0.445 0.408 1.197 0 1.615-0.406 0.418-4.695 4.502-4.695 4.502-0.217 0.223-0.502 0.335-0.787 0.335s-0.57-0.112-0.789-0.335c0 0-4.287-4.084-4.695-4.502s-0.436-1.17 0-1.615z"
                        />
                      </svg>
                    </div>
                  </div>
                </div>
              </div>
            </div>
          </div>
          <div
            className="my-3 text-white input h-9 "
          >
            <div
              className="flex items-center w-full h-full text-white rounded-md grouped-input"
            >
              <div
                className="my-react-select-container font-serif css-b62m3t-container"
                onKeyDown={[Function]}
              >
                <span
                  className="css-1f43avz-a11yText-A11yText"
                  id="react-select-3-live-region"
                />
                <span
                  aria-atomic="false"
                  aria-live="polite"
                  aria-relevant="additions text"
                  className="css-1f43avz-a11yText-A11yText"
                  role="log"
                />
                <div
                  className="my-react-select__control css-1an72ab-control"
                  onMouseDown={[Function]}
                  onTouchEnd={[Function]}
                >
                  <div
                    className="my-react-select__value-container my-react-select__value-container--has-value css-1fdsijx-ValueContainer"
                  >
                    <div
                      className="my-react-select__single-value css-1v6as4q-singleValue"
                    />
                    <div
                      className="my-react-select__input-container css-qbdosj-Input"
                      data-value=""
                    >
                      <input
                        aria-activedescendant=""
                        aria-autocomplete="list"
                        aria-expanded={false}
                        aria-haspopup={true}
                        autoCapitalize="none"
                        autoComplete="off"
                        autoCorrect="off"
                        className="my-react-select__input"
                        disabled={false}
                        id="react-select-3-input"
                        onBlur={[Function]}
                        onChange={[Function]}
                        onFocus={[Function]}
                        role="combobox"
                        spellCheck="false"
                        style={
                          Object {
                            "background": 0,
                            "border": 0,
                            "color": "inherit",
                            "font": "inherit",
                            "gridArea": "1 / 2",
                            "label": "input",
                            "margin": 0,
                            "minWidth": "2px",
                            "opacity": 1,
                            "outline": 0,
                            "padding": 0,
                            "width": "100%",
                          }
                        }
                        tabIndex={0}
                        type="text"
                        value=""
                      />
                    </div>
                  </div>
                  <div
                    className="my-react-select__indicators css-1hb7zxy-IndicatorsContainer"
                  >
                    <span
                      className="my-react-select__indicator-separator css-1u9des2-indicatorSeparator"
                    />
                    <div
                      aria-hidden="true"
                      className="my-react-select__indicator my-react-select__dropdown-indicator css-1xc3v61-indicatorContainer"
                      onMouseDown={[Function]}
                      onTouchEnd={[Function]}
                    >
                      <svg
                        aria-hidden="true"
                        className="css-tj5bde-Svg"
                        focusable="false"
                        height={20}
                        viewBox="0 0 20 20"
                        width={20}
                      >
                        <path
                          d="M4.516 7.548c0.436-0.446 1.043-0.481 1.576 0l3.908 3.747 3.908-3.747c0.533-0.481 1.141-0.446 1.574 0 0.436 0.445 0.408 1.197 0 1.615-0.406 0.418-4.695 4.502-4.695 4.502-0.217 0.223-0.502 0.335-0.787 0.335s-0.57-0.112-0.789-0.335c0 0-4.287-4.084-4.695-4.502s-0.436-1.17 0-1.615z"
                        />
                      </svg>
                    </div>
                  </div>
                </div>
              </div>
            </div>
          </div>
          <div
            className="flex justify-between w-full"
          >
            <button
              className="btn info sm w-[40%] md:w-1/4 text-sm font-sans font-serif "
              data-testid="removeModel1"
              disabled={false}
              onClick={[Function]}
              type="button"
            >
              Cancel
            </button>
            <button
              className="btn primary sm w-[40%] md:w-1/4 text-sm font-sans font-serif "
              disabled={false}
              onClick={[Function]}
              type="button"
            >
              Proceed
            </button>
          </div>
        </form>
      </div>
    </div>
  </div>,
  <div
    className="h-screen w-screen bg-black bg-opacity-30 backdrop-blur-sm fixed top-0 left-0 z-20 flex items-center justify-center  px-4 hidden"
  >
    <div
      className="w-full p-4 pb-8 bg-white rounded-lg dark:bg-dark-bg sm:w-3/4 xl:w-4/12"
    >
      <div
        className="flex flex-wrap items-center justify-center w-full card-title "
      >
        <h3
          className="w-11/12 text-sm font-bold text-center dark:text-white "
        >
          Remove Trainee
        </h3>
        <hr
          className="w-full my-3 border-b bg-primary"
        />
      </div>
      <div
        className="card-body"
      >
        <form
          className="px-8 py-3 "
        >
          <div
            className="flex flex-wrap items-center justify-center w-full card-title "
          >
            <h3
              className="w-11/12 text-sm font-bold text-center dark:text-white "
            >
              Are you sure you want to remove trainee from this cohort?
            </h3>
          </div>
          <div
            className="flex justify-between w-full"
          >
            <button
              className="btn info sm w-[40%] md:w-1/4 text-sm font-sans font-serif "
              data-testid="removeModel2"
              disabled={false}
              onClick={[Function]}
              type="button"
            >
              Cancel
            </button>
            <button
              className="btn primary sm w-[40%] md:w-1/4 text-sm font-sans font-serif "
              data-testid="removeMemberFromCohort"
              disabled={false}
              onClick={[Function]}
              type="button"
            >
              Proceed
            </button>
          </div>
        </form>
      </div>
    </div>
  </div>,
  <div
    className="h-screen w-screen z-20 bg-black bg-opacity-30 backdrop-blur-sm fixed flex items-center justify-center px-4 top-0 left-0 hidden"
  >
    <div
      className="w-full p-4 pb-8 bg-white rounded-lg dark:bg-dark-bg sm:w-3/4 xl:w-4/12"
    >
      <div
        className="flex flex-wrap items-center justify-center w-full card-title"
      >
        <h3
          className="w-11/12 text-sm font-bold text-center dark:text-white"
        >
          Drop Trainee
        </h3>
        <hr
          className="w-full my-3 border-b bg-primary"
        />
      </div>
      <div
        className="card-body"
      >
        <form
          className="px-8 py-3"
        >
          <div
            className="mb-4"
          >
            <label
              className="block text-sm font-bold text-gray-700 dark:text-white"
              htmlFor="reason"
            >
              Reason
            </label>
            <input
              className="w-full px-3 py-2 mt-1 border border-gray-300 rounded-md focus:outline-none focus:ring focus:ring-primary dark:bg-dark-bg dark:text-white"
              id="reason"
              name="reason"
              onChange={[Function]}
              type="text"
              value=""
            />
          </div>
          <div
            className="mb-4"
          >
            <label
              className="block text-sm font-bold text-gray-700 dark:text-white"
              htmlFor="date"
            >
              Date
            </label>
            <input
              className="w-full px-3 py-2 mt-1 border border-gray-300 rounded-md focus:outline-none focus:ring focus:ring-primary dark:bg-dark-bg dark:text-white"
              id="date"
              name="date"
              readOnly={true}
              type="text"
              value="2024-10-02"
            />
          </div>
          <div
            className="flex justify-between w-full"
          >
            <button
              className="btn info sm w-[40%] md:w-1/4 text-sm font-sans font-serif "
              data-testid="dropModel"
              disabled={false}
              onClick={[Function]}
              type="button"
            >
              Cancel
            </button>
            <button
              className="btn primary sm w-[40%] md:w-1/4 text-sm font-sans font-serif "
              data-testid="dropMemberFromCohort"
              disabled={false}
              onClick={[Function]}
              type="button"
            >
              Drop Trainee
            </button>
          </div>
        </form>
      </div>
    </div>
  </div>,
  <div
    className="h-screen w-screen z-20 bg-black bg-opacity-30 backdrop-blur-sm fixed top-0 left-0 flex items-center justify-center px-4 hidden"
  >
    <div
      className="w-full p-4 pb-8 bg-indigo-100 rounded-lg dark:bg-dark-bg sm:w-3/4 xl:w-4/12"
    >
      <div
        className="flex flex-wrap items-center justify-center w-full card-title"
      >
        <h3
          className="w-11/12 text-sm font-bold text-center dark:text-white"
        >
          Add Trainee
        </h3>
        <hr
          className="w-full my-3 border-b bg-primary"
        />
      </div>
      <div
        className="card-body"
      >
        <form
          className="px-8 py-3"
        >
          <div
            className="my-3 input h-9"
          >
            <div
              className="flex items-center w-full h-full rounded-md grouped-input"
            >
              <div
                className="my-react-select-container css-b62m3t-container"
                onKeyDown={[Function]}
              >
                <span
                  className="css-1f43avz-a11yText-A11yText"
                  id="react-select-4-live-region"
                />
                <span
                  aria-atomic="false"
                  aria-live="polite"
                  aria-relevant="additions text"
                  className="css-1f43avz-a11yText-A11yText"
                  role="log"
                />
                <div
                  className="my-react-select__control css-1dsw3my-control"
                  onMouseDown={[Function]}
                  onTouchEnd={[Function]}
                >
                  <div
                    className="my-react-select__value-container css-1fdsijx-ValueContainer"
                  >
                    <div
                      className="my-react-select__placeholder css-1jqq78o-placeholder"
                      id="react-select-4-placeholder"
                    >
                      choose trainee
                    </div>
                    <div
                      className="my-react-select__input-container css-qbdosj-Input"
                      data-value=""
                    >
                      <input
                        aria-activedescendant=""
                        aria-autocomplete="list"
                        aria-describedby="react-select-4-placeholder"
                        aria-expanded={false}
                        aria-haspopup={true}
                        autoCapitalize="none"
                        autoComplete="off"
                        autoCorrect="off"
                        className="my-react-select__input"
                        disabled={false}
                        id="react-select-4-input"
                        onBlur={[Function]}
                        onChange={[Function]}
                        onFocus={[Function]}
                        role="combobox"
                        spellCheck="false"
                        style={
                          Object {
                            "background": 0,
                            "border": 0,
                            "color": "inherit",
                            "font": "inherit",
                            "gridArea": "1 / 2",
                            "label": "input",
                            "margin": 0,
                            "minWidth": "2px",
                            "opacity": 1,
                            "outline": 0,
                            "padding": 0,
                            "width": "100%",
                          }
                        }
                        tabIndex={0}
                        type="text"
                        value=""
                      />
                    </div>
                  </div>
                  <div
                    className="my-react-select__indicators css-1hb7zxy-IndicatorsContainer"
                  >
                    <span
                      className="my-react-select__indicator-separator css-1u9des2-indicatorSeparator"
                    />
                    <div
                      aria-hidden="true"
                      className="my-react-select__indicator my-react-select__dropdown-indicator css-1xc3v61-indicatorContainer"
                      onMouseDown={[Function]}
                      onTouchEnd={[Function]}
                    >
                      <svg
                        aria-hidden="true"
                        className="css-tj5bde-Svg"
                        focusable="false"
                        height={20}
                        viewBox="0 0 20 20"
                        width={20}
                      >
                        <path
                          d="M4.516 7.548c0.436-0.446 1.043-0.481 1.576 0l3.908 3.747 3.908-3.747c0.533-0.481 1.141-0.446 1.574 0 0.436 0.445 0.408 1.197 0 1.615-0.406 0.418-4.695 4.502-4.695 4.502-0.217 0.223-0.502 0.335-0.787 0.335s-0.57-0.112-0.789-0.335c0 0-4.287-4.084-4.695-4.502s-0.436-1.17 0-1.615z"
                        />
                      </svg>
                    </div>
                  </div>
                </div>
              </div>
            </div>
          </div>
          <div
            className="my-3 text-white input h-9"
          >
            <div
              className="flex items-center w-full h-full text-white rounded-md grouped-input"
            >
              <div
                className="my-react-select-container font-serif css-b62m3t-container"
                onKeyDown={[Function]}
              >
                <span
                  className="css-1f43avz-a11yText-A11yText"
                  id="react-select-5-live-region"
                />
                <span
                  aria-atomic="false"
                  aria-live="polite"
                  aria-relevant="additions text"
                  className="css-1f43avz-a11yText-A11yText"
                  role="log"
                />
                <div
                  className="my-react-select__control css-1an72ab-control"
                  onMouseDown={[Function]}
                  onTouchEnd={[Function]}
                >
                  <div
                    className="my-react-select__value-container css-1fdsijx-ValueContainer"
                  >
                    <div
                      className="my-react-select__placeholder css-1jqq78o-placeholder"
                      id="react-select-5-placeholder"
                    >
                      Select cohort
                    </div>
                    <div
                      className="my-react-select__input-container css-qbdosj-Input"
                      data-value=""
                    >
                      <input
                        aria-activedescendant=""
                        aria-autocomplete="list"
                        aria-describedby="react-select-5-placeholder"
                        aria-expanded={false}
                        aria-haspopup={true}
                        autoCapitalize="none"
                        autoComplete="off"
                        autoCorrect="off"
                        className="my-react-select__input"
                        disabled={false}
                        id="react-select-5-input"
                        onBlur={[Function]}
                        onChange={[Function]}
                        onFocus={[Function]}
                        role="combobox"
                        spellCheck="false"
                        style={
                          Object {
                            "background": 0,
                            "border": 0,
                            "color": "inherit",
                            "font": "inherit",
                            "gridArea": "1 / 2",
                            "label": "input",
                            "margin": 0,
                            "minWidth": "2px",
                            "opacity": 1,
                            "outline": 0,
                            "padding": 0,
                            "width": "100%",
                          }
                        }
                        tabIndex={0}
                        type="text"
                        value=""
                      />
                    </div>
                  </div>
                  <div
                    className="my-react-select__indicators css-1hb7zxy-IndicatorsContainer"
                  >
                    <span
                      className="my-react-select__indicator-separator css-1u9des2-indicatorSeparator"
                    />
                    <div
                      aria-hidden="true"
                      className="my-react-select__indicator my-react-select__dropdown-indicator css-1xc3v61-indicatorContainer"
                      onMouseDown={[Function]}
                      onTouchEnd={[Function]}
                    >
                      <svg
                        aria-hidden="true"
                        className="css-tj5bde-Svg"
                        focusable="false"
                        height={20}
                        viewBox="0 0 20 20"
                        width={20}
                      >
                        <path
                          d="M4.516 7.548c0.436-0.446 1.043-0.481 1.576 0l3.908 3.747 3.908-3.747c0.533-0.481 1.141-0.446 1.574 0 0.436 0.445 0.408 1.197 0 1.615-0.406 0.418-4.695 4.502-4.695 4.502-0.217 0.223-0.502 0.335-0.787 0.335s-0.57-0.112-0.789-0.335c0 0-4.287-4.084-4.695-4.502s-0.436-1.17 0-1.615z"
                        />
                      </svg>
                    </div>
                  </div>
                </div>
              </div>
            </div>
          </div>
          <div
            className="my-3 text-white input h-9"
          >
            <div
              className="flex items-center w-full h-full text-white rounded-md grouped-input"
            >
              <div
                className="my-react-select-container font-serif css-b62m3t-container"
                onKeyDown={[Function]}
              >
                <span
                  className="css-1f43avz-a11yText-A11yText"
                  id="react-select-6-live-region"
                />
                <span
                  aria-atomic="false"
                  aria-live="polite"
                  aria-relevant="additions text"
                  className="css-1f43avz-a11yText-A11yText"
                  role="log"
                />
                <div
                  className="my-react-select__control css-1an72ab-control"
                  onMouseDown={[Function]}
                  onTouchEnd={[Function]}
                >
                  <div
                    className="my-react-select__value-container css-1fdsijx-ValueContainer"
                  >
                    <div
                      className="my-react-select__placeholder css-1jqq78o-placeholder"
                      id="react-select-6-placeholder"
                    >
                      Select Team
                    </div>
                    <div
                      className="my-react-select__input-container css-qbdosj-Input"
                      data-value=""
                    >
                      <input
                        aria-activedescendant=""
                        aria-autocomplete="list"
                        aria-describedby="react-select-6-placeholder"
                        aria-expanded={false}
                        aria-haspopup={true}
                        autoCapitalize="none"
                        autoComplete="off"
                        autoCorrect="off"
                        className="my-react-select__input"
                        disabled={false}
                        id="react-select-6-input"
                        onBlur={[Function]}
                        onChange={[Function]}
                        onFocus={[Function]}
                        role="combobox"
                        spellCheck="false"
                        style={
                          Object {
                            "background": 0,
                            "border": 0,
                            "color": "inherit",
                            "font": "inherit",
                            "gridArea": "1 / 2",
                            "label": "input",
                            "margin": 0,
                            "minWidth": "2px",
                            "opacity": 1,
                            "outline": 0,
                            "padding": 0,
                            "width": "100%",
                          }
                        }
                        tabIndex={0}
                        type="text"
                        value=""
                      />
                    </div>
                  </div>
                  <div
                    className="my-react-select__indicators css-1hb7zxy-IndicatorsContainer"
                  >
                    <span
                      className="my-react-select__indicator-separator css-1u9des2-indicatorSeparator"
                    />
                    <div
                      aria-hidden="true"
                      className="my-react-select__indicator my-react-select__dropdown-indicator css-1xc3v61-indicatorContainer"
                      onMouseDown={[Function]}
                      onTouchEnd={[Function]}
                    >
                      <svg
                        aria-hidden="true"
                        className="css-tj5bde-Svg"
                        focusable="false"
                        height={20}
                        viewBox="0 0 20 20"
                        width={20}
                      >
                        <path
                          d="M4.516 7.548c0.436-0.446 1.043-0.481 1.576 0l3.908 3.747 3.908-3.747c0.533-0.481 1.141-0.446 1.574 0 0.436 0.445 0.408 1.197 0 1.615-0.406 0.418-4.695 4.502-4.695 4.502-0.217 0.223-0.502 0.335-0.787 0.335s-0.57-0.112-0.789-0.335c0 0-4.287-4.084-4.695-4.502s-0.436-1.17 0-1.615z"
                        />
                      </svg>
                    </div>
                  </div>
                </div>
              </div>
            </div>
          </div>
          <div
            className="flex justify-between w-full"
          >
            <button
              className="btn info sm w-[40%] md:w-1/4 text-sm font-sans font-serif "
              data-testid="removeModel"
              disabled={false}
              onClick={[Function]}
              type="button"
            >
              Cancel
            </button>
            <button
              className="btn primary sm w-[40%] md:w-1/4 text-sm font-sans font-serif "
              data-testid="saveButton"
              disabled={false}
              onClick={[Function]}
              type="button"
            >
              save
            </button>
          </div>
        </form>
      </div>
    </div>
  </div>,
  <div
    className="flex flex-col"
  >
    <div
      className="flex flex-row"
    >
      <div
        className="w-full"
      >
        <div>
          <div
            className="bg-light-bg dark:bg-dark-frame-bg"
          >
            <div
              className="flex pb-8 items-left "
            >
              <div
                className="flex gap-2"
              >
                <button
                  className="btn primary lg m-0 font-serif "
                  data-testid="registerModel"
                  disabled={false}
                  onClick={[Function]}
                  type="button"
                >
                  add
                   +
                   
                </button>
                <button
                  className="btn primary lg m-0 font-serif "
                  data-testid="inviteModel"
                  disabled={false}
                  onClick={[Function]}
                  type="button"
                >
                  Invite
                </button>
              </div>
            </div>
            <div
              className=""
            >
              <div
                className="p-4"
              >
                <span
                  aria-busy={true}
                  aria-live="polite"
                >
                  <span
                    className="react-loading-skeleton"
                    style={
                      Object {
                        "height": 30,
                        "width": 80,
                      }
                    }
                  >
                    ‌
                  </span>
                  <br />
                </span>
                <span
                  aria-busy={true}
                  aria-live="polite"
                >
                  <span
                    className="react-loading-skeleton mt-6"
                    style={
                      Object {
                        "height": 30,
                        "width": "40%",
                      }
                    }
                  >
                    ‌
                  </span>
                  <br />
                </span>
                <div
                  className="p-6 border-b-2 bg-gray-100 mt-6"
                >
                  <div
                    className="flex px-6"
                  >
                    <span
                      aria-busy={true}
                      aria-live="polite"
                    >
                      <span
                        className="react-loading-skeleton px-6 "
                        style={
                          Object {
                            "height": 20,
                            "width": 100,
                          }
                        }
                      >
                        ‌
                      </span>
                      <br />
                    </span>
                    <span
                      aria-busy={true}
                      aria-live="polite"
                    >
                      <span
                        className="react-loading-skeleton  px-6 ml-20"
                        style={
                          Object {
                            "height": 20,
                            "width": 100,
                          }
                        }
                      >
                        ‌
                      </span>
                      <br />
                    </span>
                    <span
                      aria-busy={true}
                      aria-live="polite"
                    >
                      <span
                        className="react-loading-skeleton  px-6 ml-20"
                        style={
                          Object {
                            "height": 20,
                            "width": 100,
                          }
                        }
                      >
                        ‌
                      </span>
                      <br />
                    </span>
                    <span
                      aria-busy={true}
                      aria-live="polite"
                    >
                      <span
                        className="react-loading-skeleton px-6 ml-20"
                        style={
                          Object {
                            "height": 20,
                            "width": 100,
                          }
                        }
                      >
                        ‌
                      </span>
                      <br />
                    </span>
                    <span
                      aria-busy={true}
                      aria-live="polite"
                    >
                      <span
                        className="react-loading-skeleton px-6 ml-28"
                        style={
                          Object {
                            "height": 20,
                            "width": 100,
                          }
                        }
                      >
                        ‌
                      </span>
                      <br />
                    </span>
                  </div>
                </div>
                <div
                  className="flex items-center mb-4"
                >
                  <div
                    className="flex-1"
                  >
                    <span
                      aria-busy={true}
                      aria-live="polite"
                    >
                      <span
                        className="react-loading-skeleton mt-2"
                        style={
                          Object {
                            "height": 20,
                            "width": "85%",
                          }
                        }
                      >
                        ‌
                      </span>
                      <br />
                    </span>
                  </div>
                  <div
                    className="flex space-x-4 mr-16"
                  >
                    <span
                      aria-busy={true}
                      aria-live="polite"
                    >
                      <span
                        className="react-loading-skeleton"
                        style={
                          Object {
                            "borderRadius": "50%",
                            "height": 30,
                            "width": 30,
                          }
                        }
                      >
                        ‌
                      </span>
                      <br />
                    </span>
                    <span
                      aria-busy={true}
                      aria-live="polite"
                    >
                      <span
                        className="react-loading-skeleton"
                        style={
                          Object {
                            "borderRadius": "50%",
                            "height": 30,
                            "width": 30,
                          }
                        }
                      >
                        ‌
                      </span>
                      <br />
                    </span>
                    <span
                      aria-busy={true}
                      aria-live="polite"
                    >
                      <span
                        className="react-loading-skeleton"
                        style={
                          Object {
                            "borderRadius": "50%",
                            "height": 30,
                            "width": 30,
                          }
                        }
                      >
                        ‌
                      </span>
                      <br />
                    </span>
                  </div>
                </div>
                <div
                  className="flex items-center mb-4"
                >
                  <div
                    className="flex-1"
                  >
                    <span
                      aria-busy={true}
                      aria-live="polite"
                    >
                      <span
                        className="react-loading-skeleton mt-2"
                        style={
                          Object {
                            "height": 20,
                            "width": "85%",
                          }
                        }
                      >
                        ‌
                      </span>
                      <br />
                    </span>
                  </div>
                  <div
                    className="flex space-x-4 mr-16"
                  >
                    <span
                      aria-busy={true}
                      aria-live="polite"
                    >
                      <span
                        className="react-loading-skeleton"
                        style={
                          Object {
                            "borderRadius": "50%",
                            "height": 30,
                            "width": 30,
                          }
                        }
                      >
                        ‌
                      </span>
                      <br />
                    </span>
                    <span
                      aria-busy={true}
                      aria-live="polite"
                    >
                      <span
                        className="react-loading-skeleton"
                        style={
                          Object {
                            "borderRadius": "50%",
                            "height": 30,
                            "width": 30,
                          }
                        }
                      >
                        ‌
                      </span>
                      <br />
                    </span>
                    <span
                      aria-busy={true}
                      aria-live="polite"
                    >
                      <span
                        className="react-loading-skeleton"
                        style={
                          Object {
                            "borderRadius": "50%",
                            "height": 30,
                            "width": 30,
                          }
                        }
                      >
                        ‌
                      </span>
                      <br />
                    </span>
                  </div>
                </div>
                <div
                  className="flex items-center mb-4"
                >
                  <div
                    className="flex-1"
                  >
                    <span
                      aria-busy={true}
                      aria-live="polite"
                    >
                      <span
                        className="react-loading-skeleton mt-2"
                        style={
                          Object {
                            "height": 20,
                            "width": "85%",
                          }
                        }
                      >
                        ‌
                      </span>
                      <br />
                    </span>
                  </div>
                  <div
                    className="flex space-x-4 mr-16"
                  >
                    <span
                      aria-busy={true}
                      aria-live="polite"
                    >
                      <span
                        className="react-loading-skeleton"
                        style={
                          Object {
                            "borderRadius": "50%",
                            "height": 30,
                            "width": 30,
                          }
                        }
                      >
                        ‌
                      </span>
                      <br />
                    </span>
                    <span
                      aria-busy={true}
                      aria-live="polite"
                    >
                      <span
                        className="react-loading-skeleton"
                        style={
                          Object {
                            "borderRadius": "50%",
                            "height": 30,
                            "width": 30,
                          }
                        }
                      >
                        ‌
                      </span>
                      <br />
                    </span>
                    <span
                      aria-busy={true}
                      aria-live="polite"
                    >
                      <span
                        className="react-loading-skeleton"
                        style={
                          Object {
                            "borderRadius": "50%",
                            "height": 30,
                            "width": 30,
                          }
                        }
                      >
                        ‌
                      </span>
                      <br />
                    </span>
                  </div>
                </div>
                <div
                  className="flex  justify-between"
                >
                  <div
                    className="flex space-x-4 p-4"
                  >
                    <span
                      aria-busy={true}
                      aria-live="polite"
                    >
                      <span
                        className="react-loading-skeleton"
                        style={
                          Object {
                            "height": 30,
                            "width": 50,
                          }
                        }
                      >
                        ‌
                      </span>
                      <br />
                    </span>
                    <span
                      aria-busy={true}
                      aria-live="polite"
                    >
                      <span
                        className="react-loading-skeleton"
                        style={
                          Object {
                            "height": 30,
                            "width": 50,
                          }
                        }
                      >
                        ‌
                      </span>
                      <br />
                    </span>
                  </div>
                  <div
                    className="mr-14"
                  >
                    <span
                      aria-busy={true}
                      aria-live="polite"
                    >
                      <span
                        className="react-loading-skeleton"
                        style={
                          Object {
                            "height": 30,
                            "width": 300,
                          }
                        }
                      >
                        ‌
                      </span>
                      <br />
                    </span>
                  </div>
                </div>
              </div>
            </div>
          </div>
        </div>
      </div>
    </div>
  </div>,
]
`;
